Component: ARM Compiler 5.06 update 5 (build 528) Tool: armlink [4d35e2]

==============================================================================

Section Cross References

    main.o(i.Send_Logo) refers to printfb.o(i.__0printf$bare) for __2printf
    main.o(i.Send_Logo) refers to sys.o(.data) for Flag0
    main.o(i.main) refers to sys.o(i.Init_uvch) for Init_uvch
    main.o(i.main) refers to gpio.o(i.Init_Gpio) for Init_Gpio
    main.o(i.main) refers to timer.o(i.Init_Timer1) for Init_Timer1
    main.o(i.main) refers to timer.o(i.Init_Timer3) for Init_Timer3
    main.o(i.main) refers to adc.o(i.Init_Adc) for Init_Adc
    main.o(i.main) refers to timer.o(i.Bueezr_Config) for Bueezr_Config
    main.o(i.main) refers to tm1639.o(i.Init_TM1639) for Init_TM1639
    main.o(i.main) refers to tm1639.o(i.TM1639_Display_UVLED_Char) for TM1639_Display_UVLED_Char
    main.o(i.main) refers to tm1639.o(i.TM1639_Read_Key) for TM1639_Read_Key
    main.o(i.main) refers to application.o(i.Key_Handle) for Key_Handle
    main.o(i.main) refers to uvled.o(i.PHY_UVLed_CheckIn) for PHY_UVLed_CheckIn
    main.o(i.main) refers to adc.o(i.adc_dma_value) for adc_dma_value
    main.o(i.main) refers to adc.o(i.uvled_current_detection) for uvled_current_detection
    main.o(i.main) refers to uvled.o(i.PHY_UVon_ChLed) for PHY_UVon_ChLed
    main.o(i.main) refers to sys.o(.bss) for PHY_CH
    main.o(i.main) refers to sys.o(.data) for time_keyscan
    main.o(i.main) refers to main.o(.data) for beepcnt
    sys.o(i.Init_uvch) refers to sys.o(.bss) for PHY_CH
    gpio.o(i.Init_Gpio) refers to cs32f10x_gpio.o(i.gpio_mode_config) for gpio_mode_config
    timer.o(i.Bueezr_Config) refers to sys.o(.data) for time_buzzer_on
    timer.o(i.Buzzer_Switch) refers to timer.o(i.Init_Timer2) for Init_Timer2
    timer.o(i.Buzzer_Switch) refers to cs32f10x_tim.o(i.tim_chcc_enable_ctrl) for tim_chcc_enable_ctrl
    timer.o(i.Buzzer_Switch) refers to cs32f10x_gpio.o(i.gpio_mode_config) for gpio_mode_config
    timer.o(i.Check_UvLed_Sta) refers to sys.o(.bss) for PHY_CH
    timer.o(i.Init_Timer1) refers to cs32f10x_tim.o(i.tim_def_init) for tim_def_init
    timer.o(i.Init_Timer1) refers to cs32f10x_gpio.o(i.gpio_mode_config) for gpio_mode_config
    timer.o(i.Init_Timer1) refers to cs32f10x_tim.o(i.tim_base_init) for tim_base_init
    timer.o(i.Init_Timer1) refers to cs32f10x_tim.o(i.tim_choc_init) for tim_choc_init
    timer.o(i.Init_Timer1) refers to cs32f10x_tim.o(i.tim_chcc_enable_ctrl) for tim_chcc_enable_ctrl
    timer.o(i.Init_Timer1) refers to timer.o(.data) for arr_period
    timer.o(i.Init_Timer2) refers to cs32f10x_gpio.o(i.gpio_mode_config) for gpio_mode_config
    timer.o(i.Init_Timer2) refers to cs32f10x_gpio.o(i.gpio_pin_remap_config) for gpio_pin_remap_config
    timer.o(i.Init_Timer2) refers to cs32f10x_tim.o(i.tim_base_init) for tim_base_init
    timer.o(i.Init_Timer2) refers to cs32f10x_tim.o(i.tim_choc_init) for tim_choc_init
    timer.o(i.Init_Timer2) refers to cs32f10x_tim.o(i.tim_chcc_enable_ctrl) for tim_chcc_enable_ctrl
    timer.o(i.Init_Timer3) refers to cs32f10x_tim.o(i.tim_base_init) for tim_base_init
    timer.o(i.Init_Timer3) refers to cs32f10x_tim.o(i.tim_prescaler_set) for tim_prescaler_set
    timer.o(i.Init_Timer3) refers to cs32f10x_misc.o(i.nvic_init) for nvic_init
    timer.o(i.TIM3_IRQHandler) refers to timer.o(i._timer_uvon_scan) for _timer_uvon_scan
    timer.o(i.TIM3_IRQHandler) refers to timer.o(i._Bueezr_Handle) for _Bueezr_Handle
    timer.o(i.TIM3_IRQHandler) refers to sys.o(.data) for time_ms
    timer.o(i.UV_LED_PwmSet) refers to sys.o(.bss) for PHY_CH
    timer.o(i.UV_LED_PwmSet) refers to timer.o(.data) for pwm_buf
    timer.o(i.UV_LED_Switch) refers to tm1639.o(i.CH_LED_switch) for CH_LED_switch
    timer.o(i.UV_LED_Switch) refers to timer.o(i.timer1_channel_gpiomode) for timer1_channel_gpiomode
    timer.o(i.UV_LED_Switch) refers to timer.o(i.tim_pwm_output_enable_ctrl) for tim_pwm_output_enable_ctrl
    timer.o(i.UV_LED_Switch) refers to timer.o(i.Check_UvLed_Sta) for Check_UvLed_Sta
    timer.o(i.UV_LED_Switch) refers to timer.o(i.Bueezr_Config) for Bueezr_Config
    timer.o(i.UV_LED_Switch) refers to sys.o(.bss) for PHY_CH
    timer.o(i._Bueezr_Handle) refers to timer.o(i.Buzzer_Switch) for Buzzer_Switch
    timer.o(i._Bueezr_Handle) refers to sys.o(.data) for time_buzzer_on
    timer.o(i._timer_uvon_scan) refers to timer.o(i.timer1_channel_gpiomode) for timer1_channel_gpiomode
    timer.o(i._timer_uvon_scan) refers to timer.o(i.Bueezr_Config) for Bueezr_Config
    timer.o(i._timer_uvon_scan) refers to sys.o(.bss) for Timer_Uvon
    timer.o(i.timer1_channel_gpiomode) refers to cs32f10x_gpio.o(i.gpio_mode_config) for gpio_mode_config
    timer.o(i.timer1_channel_gpiomode) refers to timer.o(.data) for timer_ch_buff
    timer.o(i.timer1_channel_gpiomode) refers to sys.o(.bss) for PHY_CH
    timer.o(i.wait_ms) refers to sys.o(.data) for time_ms
[...]
    entry.o(.ARM.Collect$$$$00000000) refers (Special) to entry9a.o(.ARM.Collect$$$$0000000B) for _main_init
    entry.o(.ARM.Collect$$$$00000000) refers (Special) to entry5.o(.ARM.Collect$$$$00000004) for _main_scatterload
    entry.o(.ARM.Collect$$$$00000000) refers (Special) to entry2.o(.ARM.Collect$$$$00000001) for _main_stk
    printfb.o(i.__0fprintf$bare) refers to printfb.o(i._printf_core) for _printf_core
    printfb.o(i.__0fprintf$bare) refers to usart.o(i.fputc) for fputc
    printfb.o(i.__0printf$bare) refers to printfb.o(i._printf_core) for _printf_core
    printfb.o(i.__0printf$bare) refers to usart.o(i.fputc) for fputc
    printfb.o(i.__0printf$bare) refers to stdout.o(.data) for __stdout
    printfb.o(i.__0snprintf$bare) refers to printfb.o(i._printf_core) for _printf_core
    printfb.o(i.__0snprintf$bare) refers to printfb.o(i._snputc) for _snputc
    printfb.o(i.__0sprintf$bare) refers to printfb.o(i._printf_core) for _printf_core
    printfb.o(i.__0sprintf$bare) refers to printfb.o(i._sputc) for _sputc
    printfb.o(i.__0vfprintf$bare) refers to printfb.o(i._printf_core) for _printf_core
    printfb.o(i.__0vfprintf$bare) refers to usart.o(i.fputc) for fputc
    printfb.o(i.__0vprintf$bare) refers to printfb.o(i._printf_core) for _printf_core
    printfb.o(i.__0vprintf$bare) refers to usart.o(i.fputc) for fputc
    printfb.o(i.__0vprintf$bare) refers to stdout.o(.data) for __stdout
    printfb.o(i.__0vsnprintf$bare) refers to printfb.o(i._printf_core) for _printf_core
    printfb.o(i.__0vsnprintf$bare) refers to printfb.o(i._snputc) for _snputc
    printfb.o(i.__0vsprintf$bare) refers to printfb.o(i._printf_core) for _printf_core
    printfb.o(i.__0vsprintf$bare) refers to printfb.o(i._sputc) for _sputc
    printf0.o(i.__0fprintf$0) refers to printf0.o(i._printf_core) for _printf_core
    printf0.o(i.__0fprintf$0) refers to usart.o(i.fputc) for fputc
    printf0.o(i.__0printf$0) refers to printf0.o(i._printf_core) for _printf_core
    printf0.o(i.__0printf$0) refers to usart.o(i.fputc) for fputc
    printf0.o(i.__0printf$0) refers to stdout.o(.data) for __stdout
    printf0.o(i.__0snprintf$0) refers to printf0.o(i._printf_core) for _printf_core
    printf0.o(i.__0snprintf$0) refers to printf0.o(i._snputc) for _snputc
    printf0.o(i.__0sprintf$0) refers to printf0.o(i._printf_core) for _printf_core
    printf0.o(i.__0sprintf$0) refers to printf0.o(i._sputc) for _sputc
    printf0.o(i.__0vfprintf$0) refers to printf0.o(i._printf_core) for _printf_core
    printf0.o(i.__0vfprintf$0) refers to usart.o(i.fputc) for fputc
    printf0.o(i.__0vprintf$0) refers to printf0.o(i._printf_core) for _printf_core
    printf0.o(i.__0vprintf$0) refers to usart.o(i.fputc) for fputc
    printf0.o(i.__0vprintf$0) refers to stdout.o(.data) for __stdout
    printf0.o(i.__0vsnprintf$0) refers to printf0.o(i._printf_core) for _printf_core
    printf0.o(i.__0vsnprintf$0) refers to printf0.o(i._snputc) for _snputc
    printf0.o(i.__0vsprintf$0) refers to printf0.o(i._printf_core) for _printf_core
    printf0.o(i.__0vsprintf$0) refers to printf0.o(i._sputc) for _sputc
    printf1.o(i.__0fprintf$1) refers to printf1.o(i._printf_core) for _printf_core
    printf1.o(i.__0fprintf$1) refers to usart.o(i.fputc) for fputc
    printf1.o(i.__0printf$1) refers to printf1.o(i._printf_core) for _printf_core
    printf1.o(i.__0printf$1) refers to usart.o(i.fputc) for fputc
    printf1.o(i.__0printf$1) refers to stdout.o(.data) for __stdout
    printf1.o(i.__0snprintf$1) refers to printf1.o(i._printf_core) for _printf_core
    printf1.o(i.__0snprintf$1) refers to printf1.o(i._snputc) for _snputc
    printf1.o(i.__0sprintf$1) refers to printf1.o(i._printf_core) for _printf_core
    printf1.o(i.__0sprintf$1) refers to printf1.o(i._sputc) for _sputc
    printf1.o(i.__0vfprintf$1) refers to printf1.o(i._printf_core) for _printf_core
    printf1.o(i.__0vfprintf$1) refers to usart.o(i.fputc) for fputc
    printf1.o(i.__0vprintf$1) refers to printf1.o(i._printf_core) for _printf_core
    printf1.o(i.__0vprintf$1) refers to usart.o(i.fputc) for fputc
    printf1.o(i.__0vprintf$1) refers to stdout.o(.data) for __stdout
    printf1.o(i.__0vsnprintf$1) refers to printf1.o(i._printf_core) for _printf_core
    printf1.o(i.__0vsnprintf$1) refers to printf1.o(i._snputc) for _snputc
    printf1.o(i.__0vsprintf$1) refers to printf1.o(i._printf_core) for _printf_core
    printf1.o(i.__0vsprintf$1) refers to printf1.o(i._sputc) for _sputc
    printf1.o(i._printf_core) refers to uidiv.o(.text) for __aeabi_uidivmod
    printf2.o(i.__0fprintf$2) refers to printf2.o(i._printf_core) for _printf_core
    printf2.o(i.__0fprintf$2) refers to usart.o(i.fputc) for fputc
    printf2.o(i.__0printf$2) refers to printf2.o(i._printf_core) for _printf_core
    printf2.o(i.__0printf$2) refers to usart.o(i.fputc) for fputc
    printf2.o(i.__0printf$2) refers to stdout.o(.data) for __stdout
    printf2.o(i.__0snprintf$2) refers to printf2.o(i._printf_core) for _printf_core
    printf2.o(i.__0snprintf$2) refers to printf2.o(i._snputc) for _snputc
    printf2.o(i.__0sprintf$2) refers to printf2.o(i._printf_core) for _printf_core
    printf2.o(i.__0sprintf$2) refers to printf2.o(i._sputc) for _sputc
    printf2.o(i.__0vfprintf$2) refers to printf2.o(i._printf_core) for _printf_core
    printf2.o(i.__0vfprintf$2) refers to usart.o(i.fputc) for fputc
    printf2.o(i.__0vprintf$2) refers to printf2.o(i._printf_core) for _printf_core
    printf2.o(i.__0vprintf$2) refers to usart.o(i.fputc) for fputc
    printf2.o(i.__0vprintf$2) refers to stdout.o(.data) for __stdout
    printf2.o(i.__0vsnprintf$2) refers to printf2.o(i._printf_core) for _printf_core
    printf2.o(i.__0vsnprintf$2) refers to printf2.o(i._snputc) for _snputc
    printf2.o(i.__0vsprintf$2) refers to printf2.o(i._printf_core) for _printf_core
    printf2.o(i.__0vsprintf$2) refers to printf2.o(i._sputc) for _sputc
    printf3.o(i.__0fprintf$3) refers to printf3.o(i._printf_core) for _printf_core
    printf3.o(i.__0fprintf$3) refers to usart.o(i.fputc) for fputc
    printf3.o(i.__0printf$3) refers to printf3.o(i._printf_core) for _printf_core
    printf3.o(i.__0printf$3) refers to usart.o(i.fputc) for fputc
    printf3.o(i.__0printf$3) refers to stdout.o(.data) for __stdout
    printf3.o(i.__0snprintf$3) refers to printf3.o(i._printf_core) for _printf_core
    printf3.o(i.__0snprintf$3) refers to printf3.o(i._snputc) for _snputc
    printf3.o(i.__0sprintf$3) refers to printf3.o(i._printf_core) for _printf_core
    printf3.o(i.__0sprintf$3) refers to printf3.o(i._sputc) for _sputc
    printf3.o(i.__0vfprintf$3) refers to printf3.o(i._printf_core) for _printf_core
    printf3.o(i.__0vfprintf$3) refers to usart.o(i.fputc) for fputc
    printf3.o(i.__0vprintf$3) refers to printf3.o(i._printf_core) for _printf_core
    printf3.o(i.__0vprintf$3) refers to usart.o(i.fputc) for fputc
    printf3.o(i.__0vprintf$3) refers to stdout.o(.data) for __stdout
    printf3.o(i.__0vsnprintf$3) refers to printf3.o(i._printf_core) for _printf_core
    printf3.o(i.__0vsnprintf$3) refers to printf3.o(i._snputc) for _snputc
    printf3.o(i.__0vsprintf$3) refers to printf3.o(i._printf_core) for _printf_core
    printf3.o(i.__0vsprintf$3) refers to printf3.o(i._sputc) for _sputc
    printf3.o(i._printf_core) refers to uidiv.o(.text) for __aeabi_uidivmod
    printf4.o(i.__0fprintf$4) refers to printf4.o(i._printf_core) for _printf_core
    printf4.o(i.__0fprintf$4) refers to usart.o(i.fputc) for fputc
    printf4.o(i.__0printf$4) refers to printf4.o(i._printf_core) for _printf_core
    printf4.o(i.__0printf$4) refers to usart.o(i.fputc) for fputc
    printf4.o(i.__0printf$4) refers to stdout.o(.data) for __stdout
    printf4.o(i.__0snprintf$4) refers to printf4.o(i._printf_core) for _printf_core
    printf4.o(i.__0snprintf$4) refers to printf4.o(i._snputc) for _snputc
    printf4.o(i.__0sprintf$4) refers to printf4.o(i._printf_core) for _printf_core
    printf4.o(i.__0sprintf$4) refers to printf4.o(i._sputc) for _sputc
    printf4.o(i.__0vfprintf$4) refers to printf4.o(i._printf_core) for _printf_core
    printf4.o(i.__0vfprintf$4) refers to usart.o(i.fputc) for fputc
    printf4.o(i.__0vprintf$4) refers to printf4.o(i._printf_core) for _printf_core
    printf4.o(i.__0vprintf$4) refers to usart.o(i.fputc) for fputc
    printf4.o(i.__0vprintf$4) refers to stdout.o(.data) for __stdout
    printf4.o(i.__0vsnprintf$4) refers to printf4.o(i._printf_core) for _printf_core
    printf4.o(i.__0vsnprintf$4) refers to printf4.o(i._snputc) for _snputc
    printf4.o(i.__0vsprintf$4) refers to printf4.o(i._printf_core) for _printf_core
    printf4.o(i.__0vsprintf$4) refers to printf4.o(i._sputc) for _sputc
    printf4.o(i._printf_core) refers to uldiv.o(.text) for __aeabi_uldivmod
    printf5.o(i.__0fprintf$5) refers to printf5.o(i._printf_core) for _printf_core
    printf5.o(i.__0fprintf$5) refers to usart.o(i.fputc) for fputc
    printf5.o(i.__0printf$5) refers to printf5.o(i._printf_core) for _printf_core
    printf5.o(i.__0printf$5) refers to usart.o(i.fputc) for fputc
    printf5.o(i.__0printf$5) refers to stdout.o(.data) for __stdout
    printf5.o(i.__0snprintf$5) refers to printf5.o(i._printf_core) for _printf_core
    printf5.o(i.__0snprintf$5) refers to printf5.o(i._snputc) for _snputc
    printf5.o(i.__0sprintf$5) refers to printf5.o(i._printf_core) for _printf_core
    printf5.o(i.__0sprintf$5) refers to printf5.o(i._sputc) for _sputc
    printf5.o(i.__0vfprintf$5) refers to printf5.o(i._printf_core) for _printf_core
    printf5.o(i.__0vfprintf$5) refers to usart.o(i.fputc) for fputc
    printf5.o(i.__0vprintf$5) refers to printf5.o(i._printf_core) for _printf_core
    printf5.o(i.__0vprintf$5) refers to usart.o(i.fputc) for fputc
    printf5.o(i.__0vprintf$5) refers to stdout.o(.data) for __stdout
    printf5.o(i.__0vsnprintf$5) refers to printf5.o(i._printf_core) for _printf_core
    printf5.o(i.__0vsnprintf$5) refers to printf5.o(i._snputc) for _snputc
    printf5.o(i.__0vsprintf$5) refers to printf5.o(i._printf_core) for _printf_core
    printf5.o(i.__0vsprintf$5) refers to printf5.o(i._sputc) for _sputc
    printf5.o(i._printf_core) refers to uldiv.o(.text) for __aeabi_uldivmod
    printf6.o(i.__0fprintf$6) refers to printf6.o(i._printf_core) for _printf_core
    printf6.o(i.__0fprintf$6) refers to usart.o(i.fputc) for fputc
    printf6.o(i.__0printf$6) refers to printf6.o(i._printf_core) for _printf_core
    printf6.o(i.__0printf$6) refers to usart.o(i.fputc) for fputc
    printf6.o(i.__0printf$6) refers to stdout.o(.data) for __stdout
    printf6.o(i.__0snprintf$6) refers to printf6.o(i._printf_core) for _printf_core
    printf6.o(i.__0snprintf$6) refers to printf6.o(i._snputc) for _snputc
    printf6.o(i.__0sprintf$6) refers to printf6.o(i._printf_core) for _printf_core
    printf6.o(i.__0sprintf$6) refers to printf6.o(i._sputc) for _sputc
    printf6.o(i.__0vfprintf$6) refers to printf6.o(i._printf_core) for _printf_core
    printf6.o(i.__0vfprintf$6) refers to usart.o(i.fputc) for fputc
    printf6.o(i.__0vprintf$6) refers to printf6.o(i._printf_core) for _printf_core
    printf6.o(i.__0vprintf$6) refers to usart.o(i.fputc) for fputc
    printf6.o(i.__0vprintf$6) refers to stdout.o(.data) for __stdout
    printf6.o(i.__0vsnprintf$6) refers to printf6.o(i._printf_core) for _printf_core
    printf6.o(i.__0vsnprintf$6) refers to printf6.o(i._snputc) for _snputc
    printf6.o(i.__0vsprintf$6) refers to printf6.o(i._printf_core) for _printf_core
    printf6.o(i.__0vsprintf$6) refers to printf6.o(i._sputc) for _sputc
    printf6.o(i._printf_core) refers to printf6.o(i._printf_pre_padding) for _printf_pre_padding
    printf6.o(i._printf_core) refers to uidiv.o(.text) for __aeabi_uidivmod
    printf6.o(i._printf_core) refers to printf6.o(i._printf_post_padding) for _printf_post_padding
    printf7.o(i.__0fprintf$7) refers to printf7.o(i._printf_core) for _printf_core
    printf7.o(i.__0fprintf$7) refers to usart.o(i.fputc) for fputc
    printf7.o(i.__0printf$7) refers to printf7.o(i._printf_core) for _printf_core
    printf7.o(i.__0printf$7) refers to usart.o(i.fputc) for fputc
    printf7.o(i.__0printf$7) refers to stdout.o(.data) for __stdout
    printf7.o(i.__0snprintf$7) refers to printf7.o(i._printf_core) for _printf_core
    printf7.o(i.__0snprintf$7) refers to printf7.o(i._snputc) for _snputc
    printf7.o(i.__0sprintf$7) refers to printf7.o(i._printf_core) for _printf_core
    printf7.o(i.__0sprintf$7) refers to printf7.o(i._sputc) for _sputc
    printf7.o(i.__0vfprintf$7) refers to printf7.o(i._printf_core) for _printf_core
    printf7.o(i.__0vfprintf$7) refers to usart.o(i.fputc) for fputc
    printf7.o(i.__0vprintf$7) refers to printf7.o(i._printf_core) for _printf_core
    printf7.o(i.__0vprintf$7) refers to usart.o(i.fputc) for fputc
    printf7.o(i.__0vprintf$7) refers to stdout.o(.data) for __stdout
    printf7.o(i.__0vsnprintf$7) refers to printf7.o(i._printf_core) for _printf_core
    printf7.o(i.__0vsnprintf$7) refers to printf7.o(i._snputc) for _snputc
    printf7.o(i.__0vsprintf$7) refers to printf7.o(i._printf_core) for _printf_core
    printf7.o(i.__0vsprintf$7) refers to printf7.o(i._sputc) for _sputc
    printf7.o(i._printf_core) refers to printf7.o(i._printf_pre_padding) for _printf_pre_padding
    printf7.o(i._printf_core) refers to uldiv.o(.text) for __aeabi_uldivmod
    printf7.o(i._printf_core) refers to printf7.o(i._printf_post_padding) for _printf_post_padding
    printf8.o(i.__0fprintf$8) refers to printf8.o(i._printf_core) for _printf_core
    printf8.o(i.__0fprintf$8) refers to usart.o(i.fputc) for fputc
    printf8.o(i.__0printf$8) refers to printf8.o(i._printf_core) for _printf_core
    printf8.o(i.__0printf$8) refers to usart.o(i.fputc) for fputc
    printf8.o(i.__0printf$8) refers to stdout.o(.data) for __stdout
    printf8.o(i.__0snprintf$8) refers to printf8.o(i._printf_core) for _printf_core
    printf8.o(i.__0snprintf$8) refers to printf8.o(i._snputc) for _snputc
    printf8.o(i.__0sprintf$8) refers to printf8.o(i._printf_core) for _printf_core
    printf8.o(i.__0sprintf$8) refers to printf8.o(i._sputc) for _sputc
    printf8.o(i.__0vfprintf$8) refers to printf8.o(i._printf_core) for _printf_core
    printf8.o(i.__0vfprintf$8) refers to usart.o(i.fputc) for fputc
    printf8.o(i.__0vprintf$8) refers to printf8.o(i._printf_core) for _printf_core
    printf8.o(i.__0vprintf$8) refers to usart.o(i.fputc) for fputc
    printf8.o(i.__0vprintf$8) refers to stdout.o(.data) for __stdout
    printf8.o(i.__0vsnprintf$8) refers to printf8.o(i._printf_core) for _printf_core
    printf8.o(i.__0vsnprintf$8) refers to printf8.o(i._snputc) for _snputc
    printf8.o(i.__0vsprintf$8) refers to printf8.o(i._printf_core) for _printf_core
    printf8.o(i.__0vsprintf$8) refers to printf8.o(i._sputc) for _sputc
    printf8.o(i._printf_core) refers to printf8.o(i._printf_pre_padding) for _printf_pre_padding
    printf8.o(i._printf_core) refers to uldiv.o(.text) for __aeabi_uldivmod
    printf8.o(i._printf_core) refers to printf8.o(i._printf_post_padding) for _printf_post_padding
    printfa.o(i.__0fprintf) refers (Special) to iusefp.o(.text) for __I$use$fp
    printfa.o(i.__0fprintf) refers to printfa.o(i._printf_core) for _printf_core
    printfa.o(i.__0fprintf) refers to usart.o(i.fputc) for fputc
    printfa.o(i.__0printf) refers (Special) to iusefp.o(.text) for __I$use$fp
    printfa.o(i.__0printf) refers to printfa.o(i._printf_core) for _printf_core
    printfa.o(i.__0printf) refers to usart.o(i.fputc) for fputc
    printfa.o(i.__0printf) refers to stdout.o(.data) for __stdout
    printfa.o(i.__0snprintf) refers (Special) to iusefp.o(.text) for __I$use$fp
    printfa.o(i.__0snprintf) refers to printfa.o(i._printf_core) for _printf_core
    printfa.o(i.__0snprintf) refers to printfa.o(i._snputc) for _snputc
    printfa.o(i.__0sprintf) refers (Special) to iusefp.o(.text) for __I$use$fp
    printfa.o(i.__0sprintf) refers to printfa.o(i._printf_core) for _printf_core
    printfa.o(i.__0sprintf) refers to printfa.o(i._sputc) for _sputc
    printfa.o(i.__0vfprintf) refers (Special) to iusefp.o(.text) for __I$use$fp
    printfa.o(i.__0vfprintf) refers to printfa.o(i._printf_core) for _printf_core
    printfa.o(i.__0vfprintf) refers to usart.o(i.fputc) for fputc
    printfa.o(i.__0vprintf) refers (Special) to iusefp.o(.text) for __I$use$fp
    printfa.o(i.__0vprintf) refers to printfa.o(i._printf_core) for _printf_core
    printfa.o(i.__0vprintf) refers to usart.o(i.fputc) for fputc
    printfa.o(i.__0vprintf) refers to stdout.o(.data) for __stdout
    printfa.o(i.__0vsnprintf) refers (Special) to iusefp.o(.text) for __I$use$fp
    printfa.o(i.__0vsnprintf) refers to printfa.o(i._printf_core) for _printf_core
    printfa.o(i.__0vsnprintf) refers to printfa.o(i._snputc) for _snputc
    printfa.o(i.__0vsprintf) refers (Special) to iusefp.o(.text) for __I$use$fp
    printfa.o(i.__0vsprintf) refers to printfa.o(i._printf_core) for _printf_core
    printfa.o(i.__0vsprintf) refers to printfa.o(i._sputc) for _sputc
    printfa.o(i._fp_digits) refers (Special) to iusefp.o(.text) for __I$use$fp
    printfa.o(i._fp_digits) refers to dmul.o(.text) for __aeabi_dmul
    printfa.o(i._fp_digits) refers to ddiv.o(.text) for __aeabi_ddiv
    printfa.o(i._fp_digits) refers to cdrcmple.o(.text) for __aeabi_cdrcmple
    printfa.o(i._fp_digits) refers to dadd.o(.text) for __aeabi_dadd
    printfa.o(i._fp_digits) refers to dfixul.o(.text) for __aeabi_d2ulz
    printfa.o(i._fp_digits) refers to uldiv.o(.text) for __aeabi_uldivmod
    printfa.o(i._printf_core) refers (Special) to iusefp.o(.text) for __I$use$fp
    printfa.o(i._printf_core) refers to printfa.o(i._printf_pre_padding) for _printf_pre_padding
    printfa.o(i._printf_core) refers to uldiv.o(.text) for __aeabi_uldivmod
    printfa.o(i._printf_core) refers to printfa.o(i._printf_post_padding) for _printf_post_padding
    printfa.o(i._printf_core) refers to printfa.o(i._fp_digits) for _fp_digits
    printfa.o(i._printf_core) refers to uidiv.o(.text) for __aeabi_uidivmod
    printfa.o(i._printf_post_padding) refers (Special) to iusefp.o(.text) for __I$use$fp
    printfa.o(i._printf_pre_padding) refers (Special) to iusefp.o(.text) for __I$use$fp
    printfa.o(i._snputc) refers (Special) to iusefp.o(.text) for __I$use$fp
    printfa.o(i._sputc) refers (Special) to iusefp.o(.text) for __I$use$fp
    entry2.o(.ARM.Collect$$$$00000001) refers to entry2.o(.ARM.Collect$$$$00002712) for __lit__00000000
    entry2.o(.ARM.Collect$$$$00002712) refers to startup_cs32f103xb.o(STACK) for __initial_sp
    entry2.o(__vectab_stack_and_reset_area) refers to startup_cs32f103xb.o(STACK) for __initial_sp
    entry2.o(__vectab_stack_and_reset_area) refers to entry.o(.ARM.Collect$$$$00000000) for __main
    entry5.o(.ARM.Collect$$$$00000004) refers to init.o(.text) for __scatterload
    entry9a.o(.ARM.Collect$$$$0000000B) refers to main.o(i.main) for main
    entry9b.o(.ARM.Collect$$$$0000000C) refers to main.o(i.main) for main
    uldiv.o(.text) refers to llushr.o(.text) for __aeabi_llsr
    uldiv.o(.text) refers to llshl.o(.text) for __aeabi_llsl
    dadd.o(.text) refers to llshl.o(.text) for __aeabi_llsl
    dadd.o(.text) refers to llsshr.o(.text) for __aeabi_lasr
    dadd.o(.text) refers to depilogue.o(.text) for _double_epilogue
    dmul.o(.text) refers to depilogue.o(.text) for _double_epilogue
    ddiv.o(.text) refers to depilogue.o(.text) for _double_round
    dfixul.o(.text) refers to llushr.o(.text) for __aeabi_llsr
    dfixul.o(.text) refers to llshl.o(.text) for __aeabi_llsl
    init.o(.text) refers to entry5.o(.ARM.Collect$$$$00000004) for __main_after_scatterload
    depilogue.o(.text) refers to llshl.o(.text) for __aeabi_llsl
    depilogue.o(.text) refers to llushr.o(.text) for __aeabi_llsr


==============================================================================

Removing Unused input sections from the image.

    Removing main.o(.rev16_text), (4 bytes).
    Removing main.o(.revsh_text), (4 bytes).
    Removing main.o(.rrx_text), (6 bytes).
    Removing main.o(i.Send_Logo), (72 bytes).
    Removing sys.o(.rev16_text), (4 bytes).
    Removing sys.o(.revsh_text), (4 bytes).
    Removing sys.o(.rrx_text), (6 bytes).
    Removing sys.o(i.RCC_Configuration), (2 bytes).
    Removing gpio.o(.rev16_text), (4 bytes).
    Removing gpio.o(.revsh_text), (4 bytes).
    Removing gpio.o(.rrx_text), (6 bytes).
    Removing timer.o(.rev16_text), (4 bytes).
    Removing timer.o(.revsh_text), (4 bytes).
    Removing timer.o(.rrx_text), (6 bytes).
    Removing timer.o(i.wait_ms), (20 bytes).
    Removing usart.o(.rev16_text), (4 bytes).
    Removing usart.o(.revsh_text), (4 bytes).
    Removing usart.o(.rrx_text), (6 bytes).
    Removing usart.o(i.Init_Usart1), (168 bytes).
    Removing usart.o(i.fputc), (28 bytes).
    Removing adc.o(.rev16_text), (4 bytes).
    Removing adc.o(.revsh_text), (4 bytes).
    Removing adc.o(.rrx_text), (6 bytes).
    Removing adc.o(i.adc_nvic_config), (32 bytes).
    Removing adc.o(i.get_adc_val), (108 bytes).
    Removing iic.o(.rev16_text), (4 bytes).
    Removing iic.o(.revsh_text), (4 bytes).
    Removing iic.o(.rrx_text), (6 bytes).
    Removing eeprom.o(.rev16_text), (4 bytes).
    Removing eeprom.o(.revsh_text), (4 bytes).
    Removing eeprom.o(.rrx_text), (6 bytes).
    Removing tm1639.o(.rev16_text), (4 bytes).
    Removing tm1639.o(.revsh_text), (4 bytes).
    Removing tm1639.o(.rrx_text), (6 bytes).
    Removing tm1639.o(i.DecimalToAscii), (118 bytes).
    Removing tm1639.o(i.Display_UVLED_Mode), (18 bytes).
    Removing tm1639.o(i.TM1639_DisplayChar), (180 bytes).
    Removing tm1639.o(i.TM1639_DisplayUVtime), (136 bytes).
    Removing tm1639.o(i.TM1639_WriteByte40), (72 bytes).
    Removing uvled.o(.rev16_text), (4 bytes).
    Removing uvled.o(.revsh_text), (4 bytes).
    Removing uvled.o(.rrx_text), (6 bytes).
    Removing uvled.o(i.PHY_UvLed_Refresh), (2 bytes).
    Removing application.o(.rev16_text), (4 bytes).
    Removing application.o(.revsh_text), (4 bytes).
    Removing application.o(.rrx_text), (6 bytes).
    Removing cs32f10x_adc.o(.rev16_text), (4 bytes).
    Removing cs32f10x_adc.o(.revsh_text), (4 bytes).
    Removing cs32f10x_adc.o(.rrx_text), (6 bytes).
    Removing cs32f10x_adc.o(i.adc_analog_channel_config), (12 bytes).
    Removing cs32f10x_adc.o(i.adc_analog_wdt_config), (16 bytes).
    Removing cs32f10x_adc.o(i.adc_analog_wdt_threshold_set), (6 bytes).
    Removing cs32f10x_adc.o(i.adc_disc_mode_channel_config), (12 bytes).
    Removing cs32f10x_adc.o(i.adc_inject_channel_config), (110 bytes).
    Removing cs32f10x_adc.o(i.adc_inject_conv_value_get), (14 bytes).
    Removing cs32f10x_adc.o(i.adc_inject_ext_trigger_config), (12 bytes).
    Removing cs32f10x_adc.o(i.adc_inject_offset_set), (10 bytes).
    Removing cs32f10x_adc.o(i.adc_inject_sequence_length_config), (16 bytes).
    Removing cs32f10x_adc.o(i.adc_struct_init), (20 bytes).
    Removing cs32f10x_bkp.o(.rev16_text), (4 bytes).
    Removing cs32f10x_bkp.o(.revsh_text), (4 bytes).
    Removing cs32f10x_bkp.o(.rrx_text), (6 bytes).
    Removing cs32f10x_bkp.o(i.bkp_backup_register_read), (16 bytes).
    Removing cs32f10x_bkp.o(i.bkp_backup_register_write), (12 bytes).
    Removing cs32f10x_bkp.o(i.bkp_rtc_cali_data_set), (20 bytes).
    Removing cs32f10x_bkp.o(i.bkp_rtc_output_config), (20 bytes).
    Removing cs32f10x_bkp.o(i.bkp_tamper_active_level_config), (20 bytes).
    Removing cs32f10x_can.o(.rev16_text), (4 bytes).
    Removing cs32f10x_can.o(.revsh_text), (4 bytes).
    Removing cs32f10x_can.o(.rrx_text), (6 bytes).
    Removing cs32f10x_can.o(i.can_config_struct_init), (38 bytes).
    Removing cs32f10x_can.o(i.can_fifo_msg_num_get), (22 bytes).
    Removing cs32f10x_can.o(i.can_filter_init), (256 bytes).
    Removing cs32f10x_can.o(i.can_flag_clear), (80 bytes).
    Removing cs32f10x_can.o(i.can_flag_status_get), (126 bytes).
    Removing cs32f10x_can.o(i.can_init), (268 bytes).
    Removing cs32f10x_can.o(i.can_int_flag_clear), (168 bytes).
    Removing cs32f10x_can.o(i.can_int_status_get), (268 bytes).
    Removing cs32f10x_can.o(i.can_message_receive), (240 bytes).
    Removing cs32f10x_can.o(i.can_message_send), (266 bytes).
    Removing cs32f10x_can.o(i.can_op_mode_switch_ctrl), (160 bytes).
    Removing cs32f10x_can.o(i.can_rx_fifo_release), (22 bytes).
    Removing cs32f10x_can.o(i.can_sleep_set), (54 bytes).
    Removing cs32f10x_can.o(i.can_time_trigger_enable_ctrl), (118 bytes).
    Removing cs32f10x_can.o(i.can_tx_abort_set), (36 bytes).
    Removing cs32f10x_can.o(i.can_tx_status_get), (148 bytes).
    Removing cs32f10x_can.o(i.can_wakeup_set), (50 bytes).
    Removing cs32f10x_can.o(i.can_work_mode_config), (106 bytes).
    Removing cs32f10x_crc.o(.rev16_text), (4 bytes).
    Removing cs32f10x_crc.o(.revsh_text), (4 bytes).
    Removing cs32f10x_crc.o(.rrx_text), (6 bytes).
    Removing cs32f10x_crc.o(i.crc_crc32_calc), (16 bytes).
    Removing cs32f10x_crc.o(i.crc_data_buffer_calc), (36 bytes).
    Removing cs32f10x_crc.o(i.crc_def_init), (16 bytes).
    Removing cs32f10x_debug.o(.rev16_text), (4 bytes).
    Removing cs32f10x_debug.o(.revsh_text), (4 bytes).
    Removing cs32f10x_debug.o(.rrx_text), (6 bytes).
    Removing cs32f10x_debug.o(i.debug_dev_id_get), (16 bytes).
    Removing cs32f10x_debug.o(i.debug_low_power_config), (32 bytes).
    Removing cs32f10x_debug.o(i.debug_revision_id_get), (12 bytes).
    Removing cs32f10x_dma.o(.rev16_text), (4 bytes).
    Removing cs32f10x_dma.o(.revsh_text), (4 bytes).
    Removing cs32f10x_dma.o(.rrx_text), (6 bytes).
    Removing cs32f10x_dma.o(i.dma_struct_config), (26 bytes).
    Removing cs32f10x_dma.o(i.dma_transfer_config), (40 bytes).
    Removing cs32f10x_exti.o(.rev16_text), (4 bytes).
    Removing cs32f10x_exti.o(.revsh_text), (4 bytes).
    Removing cs32f10x_exti.o(.rrx_text), (6 bytes).
    Removing cs32f10x_exti.o(i.exti_def_init), (32 bytes).
    Removing cs32f10x_flash.o(.rev16_text), (4 bytes).
    Removing cs32f10x_flash.o(.revsh_text), (4 bytes).
    Removing cs32f10x_flash.o(.rrx_text), (6 bytes).
    Removing cs32f10x_flash.o(i.flash_all_pages_erase), (56 bytes).
    Removing cs32f10x_flash.o(i.flash_half_word_program), (52 bytes).
    Removing cs32f10x_flash.o(i.flash_lock), (20 bytes).
    Removing cs32f10x_flash.o(i.flash_operation_wait), (48 bytes).
    Removing cs32f10x_flash.o(i.flash_option_bytes_erase), (136 bytes).
    Removing cs32f10x_flash.o(i.flash_option_bytes_lock), (20 bytes).
    Removing cs32f10x_flash.o(i.flash_option_bytes_read_protect_config), (36 bytes).
    Removing cs32f10x_flash.o(i.flash_option_bytes_set), (236 bytes).
    Removing cs32f10x_flash.o(i.flash_option_bytes_unlock), (36 bytes).
    Removing cs32f10x_flash.o(i.flash_option_bytes_user_set), (24 bytes).
    Removing cs32f10x_flash.o(i.flash_option_bytes_write_protect_enable), (100 bytes).
    Removing cs32f10x_flash.o(i.flash_page_erase), (76 bytes).
    Removing cs32f10x_flash.o(i.flash_unlock), (36 bytes).
    Removing cs32f10x_flash.o(i.flash_wait_counter_set), (20 bytes).
    Removing cs32f10x_flash.o(i.flash_word_program), (72 bytes).
    Removing cs32f10x_fwdt.o(.rev16_text), (4 bytes).
    Removing cs32f10x_fwdt.o(.revsh_text), (4 bytes).
    Removing cs32f10x_fwdt.o(.rrx_text), (6 bytes).
    Removing cs32f10x_fwdt.o(i.fwdt_enable), (16 bytes).
    Removing cs32f10x_fwdt.o(i.fwdt_flag_status_get), (24 bytes).
    Removing cs32f10x_fwdt.o(i.fwdt_prescaler_set), (12 bytes).
    Removing cs32f10x_fwdt.o(i.fwdt_reload_counter), (16 bytes).
    Removing cs32f10x_fwdt.o(i.fwdt_reload_set), (12 bytes).
    Removing cs32f10x_fwdt.o(i.fwdt_write_access_enable_ctrl), (12 bytes).
    Removing cs32f10x_gpio.o(.rev16_text), (4 bytes).
    Removing cs32f10x_gpio.o(.revsh_text), (4 bytes).
    Removing cs32f10x_gpio.o(.rrx_text), (6 bytes).
    Removing cs32f10x_gpio.o(i.gpio_af_deinit), (28 bytes).
    Removing cs32f10x_gpio.o(i.gpio_def_init), (244 bytes).
    Removing cs32f10x_gpio.o(i.gpio_event_config), (24 bytes).
    Removing cs32f10x_gpio.o(i.gpio_exti_pin_config), (64 bytes).
    Removing cs32f10x_gpio.o(i.gpio_pin_lock_set), (34 bytes).
    Removing cs32f10x_i2c.o(.rev16_text), (4 bytes).
    Removing cs32f10x_i2c.o(.revsh_text), (4 bytes).
    Removing cs32f10x_i2c.o(.rrx_text), (6 bytes).
    Removing cs32f10x_i2c.o(i.i2c_deinit), (64 bytes).
    Removing cs32f10x_i2c.o(i.i2c_event_check), (40 bytes).
    Removing cs32f10x_i2c.o(i.i2c_flag_clear), (6 bytes).
    Removing cs32f10x_i2c.o(i.i2c_flag_status_check), (48 bytes).
    Removing cs32f10x_i2c.o(i.i2c_get_pec), (8 bytes).
    Removing cs32f10x_i2c.o(i.i2c_init), (220 bytes).
    Removing cs32f10x_i2c.o(i.i2c_interrupt_clear), (6 bytes).
    Removing cs32f10x_i2c.o(i.i2c_interrupt_config), (20 bytes).
    Removing cs32f10x_i2c.o(i.i2c_interrupt_status_get), (26 bytes).
    Removing cs32f10x_i2c.o(i.i2c_last_event_get), (18 bytes).
    Removing cs32f10x_i2c.o(i.i2c_master_send7bits_address), (18 bytes).
    Removing cs32f10x_i2c.o(i.i2c_read_register), (18 bytes).
    Removing cs32f10x_i2c.o(i.i2c_slave_address2_config), (14 bytes).
    Removing cs32f10x_i2c.o(i.i2c_struct_init), (36 bytes).
    Removing cs32f10x_misc.o(.rev16_text), (4 bytes).
    Removing cs32f10x_misc.o(.revsh_text), (4 bytes).
    Removing cs32f10x_misc.o(.rrx_text), (6 bytes).
    Removing cs32f10x_misc.o(i.nvic_priority_group_config), (20 bytes).
    Removing cs32f10x_misc.o(i.nvic_sys_lowpwr_config), (32 bytes).
    Removing cs32f10x_misc.o(i.nvic_vector_table_set), (20 bytes).
    Removing cs32f10x_misc.o(i.systick_clk_src_config), (40 bytes).
    Removing cs32f10x_pmu.o(.rev16_text), (4 bytes).
    Removing cs32f10x_pmu.o(.revsh_text), (4 bytes).
    Removing cs32f10x_pmu.o(.rrx_text), (6 bytes).
    Removing cs32f10x_pmu.o(i.pmu_deinit), (28 bytes).
    Removing cs32f10x_pmu.o(i.pmu_flag_clear), (16 bytes).
    Removing cs32f10x_pmu.o(i.pmu_flag_get), (24 bytes).
    Removing cs32f10x_pmu.o(i.pmu_lvd_enable_config), (24 bytes).
    Removing cs32f10x_pmu.o(i.pmu_lvd_voltage_select), (24 bytes).
    Removing cs32f10x_pmu.o(i.pmu_standby_enter), (52 bytes).
    Removing cs32f10x_pmu.o(i.pmu_stop_mode_enter), (64 bytes).
    Removing cs32f10x_pmu.o(i.pmu_vbat_domain_write_config), (24 bytes).
    Removing cs32f10x_pmu.o(i.pmu_wkup_pin_config), (24 bytes).
    Removing cs32f10x_rcu.o(.rev16_text), (4 bytes).
    Removing cs32f10x_rcu.o(.revsh_text), (4 bytes).
    Removing cs32f10x_rcu.o(.rrx_text), (6 bytes).
    Removing cs32f10x_rcu.o(i.rcu_clk_freq_get), (212 bytes).
    Removing cs32f10x_rcu.o(i.rcu_clkout_config), (20 bytes).
    Removing cs32f10x_rcu.o(i.rcu_clkready_reset_flag_get), (60 bytes).
    Removing cs32f10x_rcu.o(i.rcu_def_init), (76 bytes).
    Removing cs32f10x_rcu.o(i.rcu_hclk_config), (20 bytes).
    Removing cs32f10x_rcu.o(i.rcu_hrc_calibration_adjust), (24 bytes).
    Removing cs32f10x_rcu.o(i.rcu_hxt_stabilization_wait), (60 bytes).
    Removing cs32f10x_rcu.o(i.rcu_hxt_status_set), (72 bytes).
    Removing cs32f10x_rcu.o(i.rcu_pclk1_config), (20 bytes).
    Removing cs32f10x_rcu.o(i.rcu_pclk2_config), (24 bytes).
    Removing cs32f10x_rcu.o(i.rcu_pll_config), (24 bytes).
    Removing cs32f10x_rcu.o(i.rcu_rtcclk_config), (20 bytes).
    Removing cs32f10x_rcu.o(i.rcu_sysclk_config), (20 bytes).
    Removing cs32f10x_rcu.o(i.rcu_sysclk_src_get), (16 bytes).
    Removing cs32f10x_rcu.o(i.rcu_usbclk_config), (20 bytes).
    Removing cs32f10x_rcu.o(.data), (20 bytes).
    Removing cs32f10x_rtc.o(.rev16_text), (4 bytes).
    Removing cs32f10x_rtc.o(.revsh_text), (4 bytes).
    Removing cs32f10x_rtc.o(.rrx_text), (6 bytes).
    Removing cs32f10x_rtc.o(i.rtc_alarm_set), (44 bytes).
    Removing cs32f10x_rtc.o(i.rtc_counter_set), (44 bytes).
    Removing cs32f10x_rtc.o(i.rtc_prescaler_set), (44 bytes).
    Removing cs32f10x_rtc.o(i.rtc_wait_for_synchronize), (32 bytes).
    Removing cs32f10x_spi.o(.rev16_text), (4 bytes).
    Removing cs32f10x_spi.o(.revsh_text), (4 bytes).
    Removing cs32f10x_spi.o(.rrx_text), (6 bytes).
    Removing cs32f10x_spi.o(i.spi_config_struct_init), (24 bytes).
    Removing cs32f10x_spi.o(i.spi_init), (56 bytes).
    Removing cs32f10x_spi.o(i.spi_software_nss_config), (12 bytes).
    Removing cs32f10x_spi.o(i.spi_transmit_direct_set), (12 bytes).
    Removing cs32f10x_tim.o(.rev16_text), (4 bytes).
    Removing cs32f10x_tim.o(.revsh_text), (4 bytes).
    Removing cs32f10x_tim.o(.rrx_text), (6 bytes).
    Removing cs32f10x_tim.o(i.tim_base_struct_init), (18 bytes).
    Removing cs32f10x_tim.o(i.tim_chcc_polarity_set), (24 bytes).
    Removing cs32f10x_tim.o(i.tim_chic_config), (124 bytes).
    Removing cs32f10x_tim.o(i.tim_chic_init), (34 bytes).
    Removing cs32f10x_tim.o(i.tim_chic_predivider_set), (44 bytes).
    Removing cs32f10x_tim.o(i.tim_chic_struct_init), (18 bytes).
    Removing cs32f10x_tim.o(i.tim_chncc_enable_ctrl), (34 bytes).
    Removing cs32f10x_tim.o(i.tim_chncc_polarity_set), (24 bytes).
    Removing cs32f10x_tim.o(i.tim_choc_clear_set), (44 bytes).
    Removing cs32f10x_tim.o(i.tim_choc_fast_set), (44 bytes).
    Removing cs32f10x_tim.o(i.tim_choc_forced_set), (44 bytes).
    Removing cs32f10x_tim.o(i.tim_choc_mode_set), (56 bytes).
    Removing cs32f10x_tim.o(i.tim_choc_preload_set), (44 bytes).
    Removing cs32f10x_tim.o(i.tim_choc_struct_init), (22 bytes).
    Removing cs32f10x_tim.o(i.tim_clock_division_set), (12 bytes).
    Removing cs32f10x_tim.o(i.tim_count_pattern_set), (12 bytes).
    Removing cs32f10x_tim.o(i.tim_dma_access_config), (8 bytes).
    Removing cs32f10x_tim.o(i.tim_encoder_interface_set), (42 bytes).
    Removing cs32f10x_tim.o(i.tim_external_clock_mode1_config), (32 bytes).
    Removing cs32f10x_tim.o(i.tim_external_clock_mode2_config), (32 bytes).
    Removing cs32f10x_tim.o(i.tim_external_trigger_config), (22 bytes).
    Removing cs32f10x_tim.o(i.tim_input_trigger_set), (12 bytes).
    Removing cs32f10x_tim.o(i.tim_internal_clock_config), (10 bytes).
    Removing cs32f10x_tim.o(i.tim_internal_trigger_external_clock_config), (24 bytes).
    Removing cs32f10x_tim.o(i.tim_master_slave_set), (12 bytes).
    Removing cs32f10x_tim.o(i.tim_protect_config), (30 bytes).
    Removing cs32f10x_tim.o(i.tim_protect_struct_init), (18 bytes).
    Removing cs32f10x_tim.o(i.tim_pulse_mode_set), (12 bytes).
    Removing cs32f10x_tim.o(i.tim_pwmi_config), (144 bytes).
    Removing cs32f10x_tim.o(i.tim_slave_mode_config), (12 bytes).
    Removing cs32f10x_tim.o(i.tim_ti_external_clock_config), (62 bytes).
    Removing cs32f10x_tim.o(i.tim_trigger_output_set), (12 bytes).
    Removing cs32f10x_tim.o(i.tim_update_request_set), (12 bytes).
    Removing cs32f10x_usart.o(.rev16_text), (4 bytes).
    Removing cs32f10x_usart.o(.revsh_text), (4 bytes).
    Removing cs32f10x_usart.o(.rrx_text), (6 bytes).
    Removing cs32f10x_usart.o(i.usart_address_set), (12 bytes).
    Removing cs32f10x_usart.o(i.usart_break_frame_send), (10 bytes).
    Removing cs32f10x_usart.o(i.usart_config_struct_init), (22 bytes).
    Removing cs32f10x_usart.o(i.usart_def_init), (176 bytes).
    Removing cs32f10x_usart.o(i.usart_half_duplex_enable), (24 bytes).
    Removing cs32f10x_usart.o(i.usart_init), (124 bytes).
    Removing cs32f10x_usart.o(i.usart_irda_low_power_enable), (24 bytes).
    Removing cs32f10x_usart.o(i.usart_lin_break_detection_length_confiig), (12 bytes).
    Removing cs32f10x_usart.o(i.usart_prescaler_set), (12 bytes).
    Removing cs32f10x_usart.o(i.usart_recv_wakeup_config), (12 bytes).
    Removing cs32f10x_usart.o(i.usart_sc_guard_time_set), (14 bytes).
    Removing cs32f10x_usart.o(i.usart_sc_nack_enable), (24 bytes).
    Removing cs32f10x_usart.o(i.usart_synchronous_clock_init), (44 bytes).
    Removing cs32f10x_usart.o(i.usart_synchronous_clock_struct_init), (12 bytes).
    Removing cs32f10x_wwdt.o(.rev16_text), (4 bytes).
    Removing cs32f10x_wwdt.o(.revsh_text), (4 bytes).
    Removing cs32f10x_wwdt.o(.rrx_text), (6 bytes).
    Removing cs32f10x_wwdt.o(i.wwdt_counter_set), (16 bytes).
    Removing cs32f10x_wwdt.o(i.wwdt_def_init), (28 bytes).
    Removing cs32f10x_wwdt.o(i.wwdt_enable), (16 bytes).
    Removing cs32f10x_wwdt.o(i.wwdt_flag_clear), (12 bytes).
    Removing cs32f10x_wwdt.o(i.wwdt_interrupt_enable), (20 bytes).
    Removing cs32f10x_wwdt.o(i.wwdt_prescaler_set), (24 bytes).
    Removing cs32f10x_wwdt.o(i.wwdt_status_flag_get), (20 bytes).
    Removing cs32f10x_wwdt.o(i.wwdt_window_value_set), (40 bytes).
    Removing startup_cs32f103xb.o(HEAP), (512 bytes).
    Removing system_cs32f10x.o(.rev16_text), (4 bytes).
    Removing system_cs32f10x.o(.revsh_text), (4 bytes).
    Removing system_cs32f10x.o(.rrx_text), (6 bytes).
    Removing system_cs32f10x.o(i.SystemCoreClockUpdate), (164 bytes).
    Removing system_cs32f10x.o(.data), (20 bytes).
    Removing dadd.o(.text), (334 bytes).
    Removing dmul.o(.text), (228 bytes).
    Removing ddiv.o(.text), (222 bytes).
    Removing dfixul.o(.text), (48 bytes).
    Removing cdrcmple.o(.text), (48 bytes).
    Removing depilogue.o(.text), (186 bytes).

289 unused section(s) (total 11276 bytes) removed from the image.

==============================================================================

Image Symbol Table

    Local Symbols

    Symbol Name                              Value     Ov Type        Size  Object(Section)

    ../clib/../cmprslib/zerorunl2.c          0x00000000   Number         0  __dczerorl2.o ABSOLUTE
    ../clib/microlib/division.c              0x00000000   Number         0  uidiv.o ABSOLUTE
    ../clib/microlib/division.c              0x00000000   Number         0  uldiv.o ABSOLUTE
    ../clib/microlib/init/entry.s            0x00000000   Number         0  entry10b.o ABSOLUTE
    ../clib/microlib/init/entry.s            0x00000000   Number         0  entry9b.o ABSOLUTE
    ../clib/microlib/init/entry.s            0x00000000   Number         0  entry9a.o ABSOLUTE
    ../clib/microlib/init/entry.s            0x00000000   Number         0  entry8b.o ABSOLUTE
    ../clib/microlib/init/entry.s            0x00000000   Number         0  entry8a.o ABSOLUTE
    ../clib/microlib/init/entry.s            0x00000000   Number         0  entry7b.o ABSOLUTE
    ../clib/microlib/init/entry.s            0x00000000   Number         0  entry7a.o ABSOLUTE
    ../clib/microlib/init/entry.s            0x00000000   Number         0  entry5.o ABSOLUTE
    ../clib/microlib/init/entry.s            0x00000000   Number         0  entry2.o ABSOLUTE
    ../clib/microlib/init/entry.s            0x00000000   Number         0  entry10a.o ABSOLUTE
    ../clib/microlib/init/entry.s            0x00000000   Number         0  entry.o ABSOLUTE
    ../clib/microlib/init/entry.s            0x00000000   Number         0  entry11b.o ABSOLUTE
    ../clib/microlib/init/entry.s            0x00000000   Number         0  entry11a.o ABSOLUTE
    ../clib/microlib/longlong.c              0x00000000   Number         0  llsshr.o ABSOLUTE
    ../clib/microlib/longlong.c              0x00000000   Number         0  llushr.o ABSOLUTE
    ../clib/microlib/longlong.c              0x00000000   Number         0  llshl.o ABSOLUTE
    ../clib/microlib/printf/printf.c         0x00000000   Number         0  printfb.o ABSOLUTE
    ../clib/microlib/printf/printf.c         0x00000000   Number         0  printf7.o ABSOLUTE
    ../clib/microlib/printf/printf.c         0x00000000   Number         0  printf8.o ABSOLUTE
    ../clib/microlib/printf/printf.c         0x00000000   Number         0  printf5.o ABSOLUTE
    ../clib/microlib/printf/printf.c         0x00000000   Number         0  printf4.o ABSOLUTE
    ../clib/microlib/printf/printf.c         0x00000000   Number         0  printf3.o ABSOLUTE
    ../clib/microlib/printf/printf.c         0x00000000   Number         0  printf2.o ABSOLUTE
    ../clib/microlib/printf/printf.c         0x00000000   Number         0  printf1.o ABSOLUTE
    ../clib/microlib/printf/printf.c         0x00000000   Number         0  printf0.o ABSOLUTE
    ../clib/microlib/printf/printf.c         0x00000000   Number         0  printfa.o ABSOLUTE
    ../clib/microlib/printf/printf.c         0x00000000   Number         0  printf6.o ABSOLUTE
    ../clib/microlib/stdio/streams.c         0x00000000   Number         0  stdout.o ABSOLUTE
    ../clib/microlib/stubs.s                 0x00000000   Number         0  iusefp.o ABSOLUTE
    ../fplib/microlib/fpadd.c                0x00000000   Number         0  dadd.o ABSOLUTE
    ../fplib/microlib/fpdiv.c                0x00000000   Number         0  ddiv.o ABSOLUTE
    ../fplib/microlib/fpepilogue.c           0x00000000   Number         0  depilogue.o ABSOLUTE
    ../fplib/microlib/fpfix.c                0x00000000   Number         0  dfixul.o ABSOLUTE
    ../fplib/microlib/fpmul.c                0x00000000   Number         0  dmul.o ABSOLUTE
    D:\Keil_v5.23\ARM\PACK\Chipsea\CS32F1xx_DFP\2.1.2\Code\Device\Driver\src\cs32f10x_adc.c 0x00000000   Number         0  cs32f10x_adc.o ABSOLUTE
    D:\Keil_v5.23\ARM\PACK\Chipsea\CS32F1xx_DFP\2.1.2\Code\Device\Driver\src\cs32f10x_bkp.c 0x00000000   Number         0  cs32f10x_bkp.o ABSOLUTE
    D:\Keil_v5.23\ARM\PACK\Chipsea\CS32F1xx_DFP\2.1.2\Code\Device\Driver\src\cs32f10x_can.c 0x00000000   Number         0  cs32f10x_can.o ABSOLUTE
    D:\Keil_v5.23\ARM\PACK\Chipsea\CS32F1xx_DFP\2.1.2\Code\Device\Driver\src\cs32f10x_crc.c 0x00000000   Number         0  cs32f10x_crc.o ABSOLUTE
    D:\Keil_v5.23\ARM\PACK\Chipsea\CS32F1xx_DFP\2.1.2\Code\Device\Driver\src\cs32f10x_debug.c 0x00000000   Number         0  cs32f10x_debug.o ABSOLUTE
    D:\Keil_v5.23\ARM\PACK\Chipsea\CS32F1xx_DFP\2.1.2\Code\Device\Driver\src\cs32f10x_dma.c 0x00000000   Number         0  cs32f10x_dma.o ABSOLUTE
    D:\Keil_v5.23\ARM\PACK\Chipsea\CS32F1xx_DFP\2.1.2\Code\Device\Driver\src\cs32f10x_exti.c 0x00000000   Number         0  cs32f10x_exti.o ABSOLUTE
    D:\Keil_v5.23\ARM\PACK\Chipsea\CS32F1xx_DFP\2.1.2\Code\Device\Driver\src\cs32f10x_flash.c 0x00000000   Number         0  cs32f10x_flash.o ABSOLUTE
    D:\Keil_v5.23\ARM\PACK\Chipsea\CS32F1xx_DFP\2.1.2\Code\Device\Driver\src\cs32f10x_fwdt.c 0x00000000   Number         0  cs32f10x_fwdt.o ABSOLUTE
    D:\Keil_v5.23\ARM\PACK\Chipsea\CS32F1xx_DFP\2.1.2\Code\Device\Driver\src\cs32f10x_gpio.c 0x00000000   Number         0  cs32f10x_gpio.o ABSOLUTE
    D:\Keil_v5.23\ARM\PACK\Chipsea\CS32F1xx_DFP\2.1.2\Code\Device\Driver\src\cs32f10x_i2c.c 0x00000000   Number         0  cs32f10x_i2c.o ABSOLUTE
    D:\Keil_v5.23\ARM\PACK\Chipsea\CS32F1xx_DFP\2.1.2\Code\Device\Driver\src\cs32f10x_misc.c 0x00000000   Number         0  cs32f10x_misc.o ABSOLUTE
    D:\Keil_v5.23\ARM\PACK\Chipsea\CS32F1xx_DFP\2.1.2\Code\Device\Driver\src\cs32f10x_pmu.c 0x00000000   Number         0  cs32f10x_pmu.o ABSOLUTE
    D:\Keil_v5.23\ARM\PACK\Chipsea\CS32F1xx_DFP\2.1.2\Code\Device\Driver\src\cs32f10x_rcu.c 0x00000000   Number         0  cs32f10x_rcu.o ABSOLUTE
    D:\Keil_v5.23\ARM\PACK\Chipsea\CS32F1xx_DFP\2.1.2\Code\Device\Driver\src\cs32f10x_rtc.c 0x00000000   Number         0  cs32f10x_rtc.o ABSOLUTE
    D:\Keil_v5.23\ARM\PACK\Chipsea\CS32F1xx_DFP\2.1.2\Code\Device\Driver\src\cs32f10x_spi.c 0x00000000   Number         0  cs32f10x_spi.o ABSOLUTE
    D:\Keil_v5.23\ARM\PACK\Chipsea\CS32F1xx_DFP\2.1.2\Code\Device\Driver\src\cs32f10x_tim.c 0x00000000   Number         0  cs32f10x_tim.o ABSOLUTE
    D:\Keil_v5.23\ARM\PACK\Chipsea\CS32F1xx_DFP\2.1.2\Code\Device\Driver\src\cs32f10x_usart.c 0x00000000   Number         0  cs32f10x_usart.o ABSOLUTE
    D:\Keil_v5.23\ARM\PACK\Chipsea\CS32F1xx_DFP\2.1.2\Code\Device\Driver\src\cs32f10x_wwdt.c 0x00000000   Number         0  cs32f10x_wwdt.o ABSOLUTE
    D:\\Keil_v5.23\\ARM\\PACK\\Chipsea\\CS32F1xx_DFP\\2.1.2\\Code\\Device\\Driver\\src\\cs32f10x_adc.c 0x00000000   Number         0  cs32f10x_adc.o ABSOLUTE
    D:\\Keil_v5.23\\ARM\\PACK\\Chipsea\\CS32F1xx_DFP\\2.1.2\\Code\\Device\\Driver\\src\\cs32f10x_bkp.c 0x00000000   Number         0  cs32f10x_bkp.o ABSOLUTE
    D:\\Keil_v5.23\\ARM\\PACK\\Chipsea\\CS32F1xx_DFP\\2.1.2\\Code\\Device\\Driver\\src\\cs32f10x_can.c 0x00000000   Number         0  cs32f10x_can.o ABSOLUTE
    D:\\Keil_v5.23\\ARM\\PACK\\Chipsea\\CS32F1xx_DFP\\2.1.2\\Code\\Device\\Driver\\src\\cs32f10x_crc.c 0x00000000   Number         0  cs32f10x_crc.o ABSOLUTE
    D:\\Keil_v5.23\\ARM\\PACK\\Chipsea\\CS32F1xx_DFP\\2.1.2\\Code\\Device\\Driver\\src\\cs32f10x_debug.c 0x00000000   Number         0  cs32f10x_debug.o ABSOLUTE
    D:\\Keil_v5.23\\ARM\\PACK\\Chipsea\\CS32F1xx_DFP\\2.1.2\\Code\\Device\\Driver\\src\\cs32f10x_dma.c 0x00000000   Number         0  cs32f10x_dma.o ABSOLUTE
    D:\\Keil_v5.23\\ARM\\PACK\\Chipsea\\CS32F1xx_DFP\\2.1.2\\Code\\Device\\Driver\\src\\cs32f10x_exti.c 0x00000000   Number         0  cs32f10x_exti.o ABSOLUTE
    D:\\Keil_v5.23\\ARM\\PACK\\Chipsea\\CS32F1xx_DFP\\2.1.2\\Code\\Device\\Driver\\src\\cs32f10x_flash.c 0x00000000   Number         0  cs32f10x_flash.o ABSOLUTE
    D:\\Keil_v5.23\\ARM\\PACK\\Chipsea\\CS32F1xx_DFP\\2.1.2\\Code\\Device\\Driver\\src\\cs32f10x_fwdt.c 0x00000000   Number         0  cs32f10x_fwdt.o ABSOLUTE
    D:\\Keil_v5.23\\ARM\\PACK\\Chipsea\\CS32F1xx_DFP\\2.1.2\\Code\\Device\\Driver\\src\\cs32f10x_gpio.c 0x00000000   Number         0  cs32f10x_gpio.o ABSOLUTE
    D:\\Keil_v5.23\\ARM\\PACK\\Chipsea\\CS32F1xx_DFP\\2.1.2\\Code\\Device\\Driver\\src\\cs32f10x_i2c.c 0x00000000   Number         0  cs32f10x_i2c.o ABSOLUTE
    D:\\Keil_v5.23\\ARM\\PACK\\Chipsea\\CS32F1xx_DFP\\2.1.2\\Code\\Device\\Driver\\src\\cs32f10x_misc.c 0x00000000   Number         0  cs32f10x_misc.o ABSOLUTE
    D:\\Keil_v5.23\\ARM\\PACK\\Chipsea\\CS32F1xx_DFP\\2.1.2\\Code\\Device\\Driver\\src\\cs32f10x_pmu.c 0x00000000   Number         0  cs32f10x_pmu.o ABSOLUTE
    D:\\Keil_v5.23\\ARM\\PACK\\Chipsea\\CS32F1xx_DFP\\2.1.2\\Code\\Device\\Driver\\src\\cs32f10x_rcu.c 0x00000000   Number         0  cs32f10x_rcu.o ABSOLUTE
    D:\\Keil_v5.23\\ARM\\PACK\\Chipsea\\CS32F1xx_DFP\\2.1.2\\Code\\Device\\Driver\\src\\cs32f10x_rtc.c 0x00000000   Number         0  cs32f10x_rtc.o ABSOLUTE
    D:\\Keil_v5.23\\ARM\\PACK\\Chipsea\\CS32F1xx_DFP\\2.1.2\\Code\\Device\\Driver\\src\\cs32f10x_spi.c 0x00000000   Number         0  cs32f10x_spi.o ABSOLUTE
    D:\\Keil_v5.23\\ARM\\PACK\\Chipsea\\CS32F1xx_DFP\\2.1.2\\Code\\Device\\Driver\\src\\cs32f10x_tim.c 0x00000000   Number         0  cs32f10x_tim.o ABSOLUTE
    D:\\Keil_v5.23\\ARM\\PACK\\Chipsea\\CS32F1xx_DFP\\2.1.2\\Code\\Device\\Driver\\src\\cs32f10x_usart.c 0x00000000   Number         0  cs32f10x_usart.o ABSOLUTE
    D:\\Keil_v5.23\\ARM\\PACK\\Chipsea\\CS32F1xx_DFP\\2.1.2\\Code\\Device\\Driver\\src\\cs32f10x_wwdt.c 0x00000000   Number         0  cs32f10x_wwdt.o ABSOLUTE
    RTE\Device\CS32F103RB\startup_cs32f103xb.s 0x00000000   Number         0  startup_cs32f103xb.o ABSOLUTE
    RTE\Device\CS32F103RB\system_cs32f10x.c  0x00000000   Number         0  system_cs32f10x.o ABSOLUTE
    RTE\\Device\\CS32F103RB\\system_cs32f10x.c 0x00000000   Number         0  system_cs32f10x.o ABSOLUTE
    USER\\src\\Application.c                 0x00000000   Number         0  application.o ABSOLUTE
    USER\\src\\TM1639.c                      0x00000000   Number         0  tm1639.o ABSOLUTE
    USER\\src\\UVLED.c                       0x00000000   Number         0  uvled.o ABSOLUTE
    USER\\src\\adc.c                         0x00000000   Number         0  adc.o ABSOLUTE
    USER\\src\\eeprom.c                      0x00000000   Number         0  eeprom.o ABSOLUTE
    USER\\src\\gpio.c                        0x00000000   Number         0  gpio.o ABSOLUTE
    USER\\src\\iic.c                         0x00000000   Number         0  iic.o ABSOLUTE
    USER\\src\\main.c                        0x00000000   Number         0  main.o ABSOLUTE
    USER\\src\\sys.c                         0x00000000   Number         0  sys.o ABSOLUTE
    USER\\src\\timer.c                       0x00000000   Number         0  timer.o ABSOLUTE
    USER\\src\\usart.c                       0x00000000   Number         0  usart.o ABSOLUTE
    USER\src\Application.c                   0x00000000   Number         0  application.o ABSOLUTE
    USER\src\TM1639.c                        0x00000000   Number         0  tm1639.o ABSOLUTE
    USER\src\UVLED.c                         0x00000000   Number         0  uvled.o ABSOLUTE
    USER\src\adc.c                           0x00000000   Number         0  adc.o ABSOLUTE
    USER\src\eeprom.c                        0x00000000   Number         0  eeprom.o ABSOLUTE
    USER\src\gpio.c                          0x00000000   Number         0  gpio.o ABSOLUTE
    USER\src\iic.c                           0x00000000   Number         0  iic.o ABSOLUTE
    USER\src\main.c                          0x00000000   Number         0  main.o ABSOLUTE
    USER\src\sys.c                           0x00000000   Number         0  sys.o ABSOLUTE
    USER\src\timer.c                         0x00000000   Number         0  timer.o ABSOLUTE
    USER\src\usart.c                         0x00000000   Number         0  usart.o ABSOLUTE
    cdrcmple.s                               0x00000000   Number         0  cdrcmple.o ABSOLUTE
    dc.s                                     0x00000000   Number         0  dc.o ABSOLUTE
    handlers.s                               0x00000000   Number         0  handlers.o ABSOLUTE
    init.s                                   0x00000000   Number         0  init.o ABSOLUTE
    RESET                                    0x08000000   Section      236  startup_cs32f103xb.o(RESET)
    .ARM.Collect$$$$00000000                 0x080000ec   Section        0  entry.o(.ARM.Collect$$$$00000000)
    .ARM.Collect$$$$00000001                 0x080000ec   Section        4  entry2.o(.ARM.Collect$$$$00000001)
    .ARM.Collect$$$$00000004                 0x080000f0   Section        4  entry5.o(.ARM.Collect$$$$00000004)
    .ARM.Collect$$$$00000008                 0x080000f4   Section        0  entry7b.o(.ARM.Collect$$$$00000008)
    .ARM.Collect$$$$0000000A                 0x080000f4   Section        0  entry8b.o(.ARM.Collect$$$$0000000A)
    .ARM.Collect$$$$0000000B                 0x080000f4   Section        8  entry9a.o(.ARM.Collect$$$$0000000B)
    .ARM.Collect$$$$0000000D                 0x080000fc   Section        0  entry10a.o(.ARM.Collect$$$$0000000D)
    .ARM.Collect$$$$0000000F                 0x080000fc   Section        0  entry11a.o(.ARM.Collect$$$$0000000F)
    .ARM.Collect$$$$00002712                 0x080000fc   Section        4  entry2.o(.ARM.Collect$$$$00002712)
    __lit__00000000                          0x080000fc   Data           4  entry2.o(.ARM.Collect$$$$00002712)
    .text                                    0x08000100   Section       36  startup_cs32f103xb.o(.text)
    .text                                    0x08000124   Section       36  init.o(.text)
    .text                                    0x08000148   Section        0  __dczerorl2.o(.text)
    i.ADC1_2_IRQHandler                      0x080001a0   Section        0  adc.o(i.ADC1_2_IRQHandler)
    i.Bueezr_Config                          0x080001b0   Section        0  timer.o(i.Bueezr_Config)
    i.Buzzer_Switch                          0x080001cc   Section        0  timer.o(i.Buzzer_Switch)
    i.CH_LED_switch                          0x08000218   Section        0  tm1639.o(i.CH_LED_switch)
    i.Check_UvLed_Sta                        0x08000310   Section        0  timer.o(i.Check_UvLed_Sta)
    i.Init_Adc                               0x08000344   Section        0  adc.o(i.Init_Adc)
    i.Init_Gpio                              0x080004bc   Section        0  gpio.o(i.Init_Gpio)
    i.Init_TM1639                            0x08000560   Section        0  tm1639.o(i.Init_TM1639)
    i.Init_Timer1                            0x080005bc   Section        0  timer.o(i.Init_Timer1)
    i.Init_Timer2                            0x08000758   Section        0  timer.o(i.Init_Timer2)
    i.Init_Timer3                            0x08000818   Section        0  timer.o(i.Init_Timer3)
    i.Init_uvch                              0x08000890   Section        0  sys.o(i.Init_uvch)
    i.Key_Bk_Scan                            0x080008b0   Section        0  application.o(i.Key_Bk_Scan)
    i.Key_Ch_Scan                            0x08000978   Section        0  application.o(i.Key_Ch_Scan)
    i.Key_Down_Scan                          0x08000a30   Section        0  application.o(i.Key_Down_Scan)
    i.Key_Fw_Scan                            0x08000b20   Section        0  application.o(i.Key_Fw_Scan)
    i.Key_Handle                             0x08000be4   Section        0  application.o(i.Key_Handle)
    i.Key_Mode_Scan                          0x08000c08   Section        0  application.o(i.Key_Mode_Scan)
    i.Key_Set_Scan                           0x08000d64   Section        0  application.o(i.Key_Set_Scan)
    i.Key_Up_Scan                            0x08000e18   Section        0  application.o(i.Key_Up_Scan)
    i.Key_Uvon_Scan                          0x08000f00   Section        0  application.o(i.Key_Uvon_Scan)
    i.PHY_Set_UVLed_Time                     0x08000f8c   Section        0  uvled.o(i.PHY_Set_UVLed_Time)
    i.PHY_UVLed_CheckIn                      0x08000fbc   Section        0  uvled.o(i.PHY_UVLed_CheckIn)
    i.PHY_UVLed_Select                       0x08001104   Section        0  uvled.o(i.PHY_UVLed_Select)
    i.PHY_UVon_ChLed                         0x080011d0   Section        0  uvled.o(i.PHY_UVon_ChLed)
    i.ReadByte                               0x08001208   Section        0  tm1639.o(i.ReadByte)
    ReadByte                                 0x08001209   Thumb Code    64  tm1639.o(i.ReadByte)
    i.SetSysClock                            0x0800124c   Section        0  system_cs32f10x.o(i.SetSysClock)
    SetSysClock                              0x0800124d   Thumb Code     8  system_cs32f10x.o(i.SetSysClock)
    i.SystemInit                             0x08001254   Section        0  system_cs32f10x.o(i.SystemInit)
    i.TIM3_IRQHandler                        0x080012b4   Section        0  timer.o(i.TIM3_IRQHandler)
    i.TM1639_Clear                           0x0800132c   Section        0  tm1639.o(i.TM1639_Clear)
    i.TM1639_DelayUs                         0x08001368   Section        0  tm1639.o(i.TM1639_DelayUs)
    TM1639_DelayUs                           0x08001369   Thumb Code    40  tm1639.o(i.TM1639_DelayUs)
    i.TM1639_DisplayChar_Num                 0x08001390   Section        0  tm1639.o(i.TM1639_DisplayChar_Num)
    i.TM1639_DisplayNum                      0x080013e8   Section        0  tm1639.o(i.TM1639_DisplayNum)
    i.TM1639_Display_UVLED_Char              0x08001468   Section        0  tm1639.o(i.TM1639_Display_UVLED_Char)
    i.TM1639_LED_switch                      0x080014e4   Section        0  tm1639.o(i.TM1639_LED_switch)
    i.TM1639_Read_Key                        0x0800154c   Section        0  tm1639.o(i.TM1639_Read_Key)
    i.TM1639_SendByte                        0x080016c4   Section        0  tm1639.o(i.TM1639_SendByte)
    TM1639_SendByte                          0x080016c5   Thumb Code    78  tm1639.o(i.TM1639_SendByte)
    i.TM1639_SendCmd                         0x08001718   Section        0  tm1639.o(i.TM1639_SendCmd)
    TM1639_SendCmd                           0x08001719   Thumb Code    40  tm1639.o(i.TM1639_SendCmd)
    i.TM1639_SetBrightness                   0x08001744   Section        0  tm1639.o(i.TM1639_SetBrightness)
    i.TM1639_WriteByte                       0x08001758   Section        0  tm1639.o(i.TM1639_WriteByte)
    i.USART1_IRQHandler                      0x08001794   Section        0  usart.o(i.USART1_IRQHandler)
    i.UV_LED_PwmSet                          0x08001844   Section        0  timer.o(i.UV_LED_PwmSet)
    i.UV_LED_Switch                          0x080018d4   Section        0  timer.o(i.UV_LED_Switch)
    i._Bueezr_Handle                         0x080019f4   Section        0  timer.o(i._Bueezr_Handle)
    i.__scatterload_copy                     0x08001a70   Section       14  handlers.o(i.__scatterload_copy)
    i.__scatterload_null                     0x08001a7e   Section        2  handlers.o(i.__scatterload_null)
    i.__scatterload_zeroinit                 0x08001a80   Section       14  handlers.o(i.__scatterload_zeroinit)
    i._timer_uvon_scan                       0x08001a90   Section        0  timer.o(i._timer_uvon_scan)
    i.adc1_dma_config                        0x08001b04   Section        0  adc.o(i.adc1_dma_config)
    adc1_dma_config                          0x08001b05   Thumb Code    78  adc.o(i.adc1_dma_config)
    i.adc_dma_value                          0x08001b64   Section        0  adc.o(i.adc_dma_value)
    i.adc_init                               0x08001bfc   Section        0  cs32f10x_adc.o(i.adc_init)
    i.adc_regular_channel_config             0x08001c3c   Section        0  cs32f10x_adc.o(i.adc_regular_channel_config)
    i.bubble_sort_average_value              0x08001ce2   Section        0  adc.o(i.bubble_sort_average_value)
    i.dma_def_init                           0x08001d54   Section        0  cs32f10x_dma.o(i.dma_def_init)
    i.dma_init                               0x08001d88   Section        0  cs32f10x_dma.o(i.dma_init)
    i.gpio_mode_config                       0x08001de4   Section        0  cs32f10x_gpio.o(i.gpio_mode_config)
    i.gpio_pin_remap_config                  0x08001eac   Section        0  cs32f10x_gpio.o(i.gpio_pin_remap_config)
    i.main                                   0x08001ecc   Section        0  main.o(i.main)
    i.nvic_init                              0x08001f54   Section        0  cs32f10x_misc.o(i.nvic_init)
    i.rcu_adcclk_config                      0x08001fc4   Section        0  cs32f10x_rcu.o(i.rcu_adcclk_config)
    i.set_sysclk_freq_72M                    0x08001fd8   Section        0  system_cs32f10x.o(i.set_sysclk_freq_72M)
    set_sysclk_freq_72M                      0x08001fd9   Thumb Code   214  system_cs32f10x.o(i.set_sysclk_freq_72M)
    i.tim_base_init                          0x080020b8   Section        0  cs32f10x_tim.o(i.tim_base_init)
    i.tim_chcc_enable_ctrl                   0x080020f8   Section        0  cs32f10x_tim.o(i.tim_chcc_enable_ctrl)
    i.tim_choc_init                          0x0800211c   Section        0  cs32f10x_tim.o(i.tim_choc_init)
    i.tim_def_init                           0x080021c4   Section        0  cs32f10x_tim.o(i.tim_def_init)
    i.tim_prescaler_set                      0x080022d4   Section        0  cs32f10x_tim.o(i.tim_prescaler_set)
    i.tim_pwm_output_enable_ctrl             0x080022da   Section        0  timer.o(i.tim_pwm_output_enable_ctrl)
    i.timer1_channel_gpiomode                0x08002308   Section        0  timer.o(i.timer1_channel_gpiomode)
    i.uvled_current_detection                0x08002374   Section        0  adc.o(i.uvled_current_detection)
    .constdata                               0x080024d4   Section       81  tm1639.o(.constdata)
    TM1639_Font                              0x080024d4   Data          18  tm1639.o(.constdata)
    UVLED_Font                               0x080024e6   Data          63  tm1639.o(.constdata)
    .data                                    0x20000000   Section        1  main.o(.data)
    .data                                    0x20000002   Section       21  sys.o(.data)
    .data                                    0x20000018   Section      412  timer.o(.data)
    .data                                    0x200001b4   Section        2  usart.o(.data)
    .data                                    0x200001b6   Section       11  adc.o(.data)
    .data                                    0x200001c2   Section        2  tm1639.o(.data)
    .data                                    0x200001c4   Section       27  application.o(.data)
    .bss                                     0x200001e0   Section      190  sys.o(.bss)
    .bss                                     0x2000029e   Section       10  usart.o(.bss)
    .bss                                     0x200002a8   Section       12  adc.o(.bss)
    adc_conv                                 0x200002a8   Data          12  adc.o(.bss)
    STACK                                    0x200002b8   Section     1024  startup_cs32f103xb.o(STACK)

    Global Symbols

    Symbol Name                              Value     Ov Type        Size  Object(Section)

    BuildAttributes$$THM_ISAv4$P$D$K$B$S$PE$A:L22UL41UL21$X:L11$S22US41US21$IEEE1$IW$USESV6$~STKCKD$USESV7$~SHL$OSPACE$ROPI$EBA8$MICROLIB$REQ8$PRES8$EABIv2 0x00000000   Number         0  anon$$obj.o ABSOLUTE
    __ARM_use_no_argv                        0x00000000   Number         0  main.o ABSOLUTE
    __cpp_initialize__aeabi_                  - Undefined Weak Reference
    __cxa_finalize                            - Undefined Weak Reference
    _clock_init                               - Undefined Weak Reference
    _microlib_exit                            - Undefined Weak Reference
    __Vectors_Size                           0x000000ec   Number         0  startup_cs32f103xb.o ABSOLUTE
    __Vectors                                0x08000000   Data           4  startup_cs32f103xb.o(RESET)
    __Vectors_End                            0x080000ec   Data           0  startup_cs32f103xb.o(RESET)
    __main                                   0x080000ed   Thumb Code     0  entry.o(.ARM.Collect$$$$00000000)
    _main_stk                                0x080000ed   Thumb Code     0  entry2.o(.ARM.Collect$$$$00000001)
    _main_scatterload                        0x080000f1   Thumb Code     0  entry5.o(.ARM.Collect$$$$00000004)
    __main_after_scatterload                 0x080000f5   Thumb Code     0  entry5.o(.ARM.Collect$$$$00000004)
    _main_clock                              0x080000f5   Thumb Code     0  entry7b.o(.ARM.Collect$$$$00000008)
    _main_cpp_init                           0x080000f5   Thumb Code     0  entry8b.o(.ARM.Collect$$$$0000000A)
    _main_init                               0x080000f5   Thumb Code     0  entry9a.o(.ARM.Collect$$$$0000000B)
    __rt_final_cpp                           0x080000fd   Thumb Code     0  entry10a.o(.ARM.Collect$$$$0000000D)
    __rt_final_exit                          0x080000fd   Thumb Code     0  entry11a.o(.ARM.Collect$$$$0000000F)
    Reset_Handler                            0x08000101   Thumb Code     8  startup_cs32f103xb.o(.text)
    NMI_Handler                              0x08000109   Thumb Code     2  startup_cs32f103xb.o(.text)
    HardFault_Handler                        0x0800010b   Thumb Code     2  startup_cs32f103xb.o(.text)
    MemManage_Handler                        0x0800010d   Thumb Code     2  startup_cs32f103xb.o(.text)
    BusFault_Handler                         0x0800010f   Thumb Code     2  startup_cs32f103xb.o(.text)
    UsageFault_Handler                       0x08000111   Thumb Code     2  startup_cs32f103xb.o(.text)
    SVC_Handler                              0x08000113   Thumb Code     2  startup_cs32f103xb.o(.text)
    DebugMon_Handler                         0x08000115   Thumb Code     2  startup_cs32f103xb.o(.text)
    PendSV_Handler                           0x08000117   Thumb Code     2  startup_cs32f103xb.o(.text)
    SysTick_Handler                          0x08000119   Thumb Code     2  startup_cs32f103xb.o(.text)
    CAN1_RX1_IRQHandler                      0x0800011b   Thumb Code     0  startup_cs32f103xb.o(.text)
    CAN1_SCE_IRQHandler                      0x0800011b   Thumb Code     0  startup_cs32f103xb.o(.text)
    DMA1_Channel1_IRQHandler                 0x0800011b   Thumb Code     0  startup_cs32f103xb.o(.text)
    DMA1_Channel2_IRQHandler                 0x0800011b   Thumb Code     0  startup_cs32f103xb.o(.text)
    DMA1_Channel3_IRQHandler                 0x0800011b   Thumb Code     0  startup_cs32f103xb.o(.text)
    DMA1_Channel4_IRQHandler                 0x0800011b   Thumb Code     0  startup_cs32f103xb.o(.text)
    DMA1_Channel5_IRQHandler                 0x0800011b   Thumb Code     0  startup_cs32f103xb.o(.text)
    DMA1_Channel6_IRQHandler                 0x0800011b   Thumb Code     0  startup_cs32f103xb.o(.text)
    DMA1_Channel7_IRQHandler                 0x0800011b   Thumb Code     0  startup_cs32f103xb.o(.text)
    EXTI0_IRQHandler                         0x0800011b   Thumb Code     0  startup_cs32f103xb.o(.text)
    EXTI15_10_IRQHandler                     0x0800011b   Thumb Code     0  startup_cs32f103xb.o(.text)
    EXTI1_IRQHandler                         0x0800011b   Thumb Code     0  startup_cs32f103xb.o(.text)
    EXTI2_IRQHandler                         0x0800011b   Thumb Code     0  startup_cs32f103xb.o(.text)
    EXTI3_IRQHandler                         0x0800011b   Thumb Code     0  startup_cs32f103xb.o(.text)
    EXTI4_IRQHandler                         0x0800011b   Thumb Code     0  startup_cs32f103xb.o(.text)
    EXTI9_5_IRQHandler                       0x0800011b   Thumb Code     0  startup_cs32f103xb.o(.text)
    FLASH_IRQHandler                         0x0800011b   Thumb Code     0  startup_cs32f103xb.o(.text)
    I2C1_ER_IRQHandler                       0x0800011b   Thumb Code     0  startup_cs32f103xb.o(.text)
    I2C1_EV_IRQHandler                       0x0800011b   Thumb Code     0  startup_cs32f103xb.o(.text)
    I2C2_ER_IRQHandler                       0x0800011b   Thumb Code     0  startup_cs32f103xb.o(.text)
    I2C2_EV_IRQHandler                       0x0800011b   Thumb Code     0  startup_cs32f103xb.o(.text)
    PVD_IRQHandler                           0x0800011b   Thumb Code     0  startup_cs32f103xb.o(.text)
    RCU_IRQHandler                           0x0800011b   Thumb Code     0  startup_cs32f103xb.o(.text)
    RTCAlarm_IRQHandler                      0x0800011b   Thumb Code     0  startup_cs32f103xb.o(.text)
    RTC_IRQHandler                           0x0800011b   Thumb Code     0  startup_cs32f103xb.o(.text)
    SPI1_IRQHandler                          0x0800011b   Thumb Code     0  startup_cs32f103xb.o(.text)
    SPI2_IRQHandler                          0x0800011b   Thumb Code     0  startup_cs32f103xb.o(.text)
    TAMPER_IRQHandler                        0x0800011b   Thumb Code     0  startup_cs32f103xb.o(.text)
    TIM1_BRK_IRQHandler                      0x0800011b   Thumb Code     0  startup_cs32f103xb.o(.text)
    TIM1_CC_IRQHandler                       0x0800011b   Thumb Code     0  startup_cs32f103xb.o(.text)
    TIM1_TRG_COM_IRQHandler                  0x0800011b   Thumb Code     0  startup_cs32f103xb.o(.text)
    TIM1_UP_IRQHandler                       0x0800011b   Thumb Code     0  startup_cs32f103xb.o(.text)
    TIM2_IRQHandler                          0x0800011b   Thumb Code     0  startup_cs32f103xb.o(.text)
    TIM4_IRQHandler                          0x0800011b   Thumb Code     0  startup_cs32f103xb.o(.text)
    USART2_IRQHandler                        0x0800011b   Thumb Code     0  startup_cs32f103xb.o(.text)
    USART3_IRQHandler                        0x0800011b   Thumb Code     0  startup_cs32f103xb.o(.text)
    USBWakeUp_IRQHandler                     0x0800011b   Thumb Code     0  startup_cs32f103xb.o(.text)
    USB_HP_CAN1_TX_IRQHandler                0x0800011b   Thumb Code     0  startup_cs32f103xb.o(.text)
    USB_LP_CAN1_RX0_IRQHandler               0x0800011b   Thumb Code     0  startup_cs32f103xb.o(.text)
    WWDT_IRQHandler                          0x0800011b   Thumb Code     0  startup_cs32f103xb.o(.text)
    __scatterload                            0x08000125   Thumb Code    28  init.o(.text)
    __scatterload_rt2                        0x08000125   Thumb Code     0  init.o(.text)
    __decompress                             0x08000149   Thumb Code     0  __dczerorl2.o(.text)
    __decompress1                            0x08000149   Thumb Code    86  __dczerorl2.o(.text)
    ADC1_2_IRQHandler                        0x080001a1   Thumb Code    10  adc.o(i.ADC1_2_IRQHandler)
    Bueezr_Config                            0x080001b1   Thumb Code    14  timer.o(i.Bueezr_Config)
    Buzzer_Switch                            0x080001cd   Thumb Code    72  timer.o(i.Buzzer_Switch)
    CH_LED_switch                            0x08000219   Thumb Code   246  tm1639.o(i.CH_LED_switch)
    Check_UvLed_Sta                          0x08000311   Thumb Code    46  timer.o(i.Check_UvLed_Sta)
    Init_Adc                                 0x08000345   Thumb Code   350  adc.o(i.Init_Adc)
    Init_Gpio                                0x080004bd   Thumb Code   142  gpio.o(i.Init_Gpio)
    Init_TM1639                              0x08000561   Thumb Code    82  tm1639.o(i.Init_TM1639)
    Init_Timer1                              0x080005bd   Thumb Code   392  timer.o(i.Init_Timer1)
    Init_Timer2                              0x08000759   Thumb Code   184  timer.o(i.Init_Timer2)
    Init_Timer3                              0x08000819   Thumb Code   112  timer.o(i.Init_Timer3)
    Init_uvch                                0x08000891   Thumb Code    26  sys.o(i.Init_uvch)
    Key_Bk_Scan                              0x080008b1   Thumb Code   180  application.o(i.Key_Bk_Scan)
    Key_Ch_Scan                              0x08000979   Thumb Code   164  application.o(i.Key_Ch_Scan)
    Key_Down_Scan                            0x08000a31   Thumb Code   214  application.o(i.Key_Down_Scan)
    Key_Fw_Scan                              0x08000b21   Thumb Code   174  application.o(i.Key_Fw_Scan)
    Key_Handle                               0x08000be5   Thumb Code    36  application.o(i.Key_Handle)
    Key_Mode_Scan                            0x08000c09   Thumb Code   324  application.o(i.Key_Mode_Scan)
    Key_Set_Scan                             0x08000d65   Thumb Code   156  application.o(i.Key_Set_Scan)
    Key_Up_Scan                              0x08000e19   Thumb Code   208  application.o(i.Key_Up_Scan)
    Key_Uvon_Scan                            0x08000f01   Thumb Code   118  application.o(i.Key_Uvon_Scan)
    PHY_Set_UVLed_Time                       0x08000f8d   Thumb Code    42  uvled.o(i.PHY_Set_UVLed_Time)
    PHY_UVLed_CheckIn                        0x08000fbd   Thumb Code   302  uvled.o(i.PHY_UVLed_CheckIn)
    PHY_UVLed_Select                         0x08001105   Thumb Code   200  uvled.o(i.PHY_UVLed_Select)
    PHY_UVon_ChLed                           0x080011d1   Thumb Code    50  uvled.o(i.PHY_UVon_ChLed)
    SystemInit                               0x08001255   Thumb Code    78  system_cs32f10x.o(i.SystemInit)
    TIM3_IRQHandler                          0x080012b5   Thumb Code   100  timer.o(i.TIM3_IRQHandler)
    TM1639_Clear                             0x0800132d   Thumb Code    56  tm1639.o(i.TM1639_Clear)
    TM1639_DisplayChar_Num                   0x08001391   Thumb Code    84  tm1639.o(i.TM1639_DisplayChar_Num)
    TM1639_DisplayNum                        0x080013e9   Thumb Code   122  tm1639.o(i.TM1639_DisplayNum)
    TM1639_Display_UVLED_Char                0x08001469   Thumb Code   114  tm1639.o(i.TM1639_Display_UVLED_Char)
    TM1639_LED_switch                        0x080014e5   Thumb Code    98  tm1639.o(i.TM1639_LED_switch)
    TM1639_Read_Key                          0x0800154d   Thumb Code   368  tm1639.o(i.TM1639_Read_Key)
    TM1639_SetBrightness                     0x08001745   Thumb Code    20  tm1639.o(i.TM1639_SetBrightness)
    TM1639_WriteByte                         0x08001759   Thumb Code    54  tm1639.o(i.TM1639_WriteByte)
    USART1_IRQHandler                        0x08001795   Thumb Code   154  usart.o(i.USART1_IRQHandler)
    UV_LED_PwmSet                            0x08001845   Thumb Code   132  timer.o(i.UV_LED_PwmSet)
    UV_LED_Switch                            0x080018d5   Thumb Code   274  timer.o(i.UV_LED_Switch)
    _Bueezr_Handle                           0x080019f5   Thumb Code   110  timer.o(i._Bueezr_Handle)
    __scatterload_copy                       0x08001a71   Thumb Code    14  handlers.o(i.__scatterload_copy)
    __scatterload_null                       0x08001a7f   Thumb Code     2  handlers.o(i.__scatterload_null)
    __scatterload_zeroinit                   0x08001a81   Thumb Code    14  handlers.o(i.__scatterload_zeroinit)
    _timer_uvon_scan                         0x08001a91   Thumb Code   106  timer.o(i._timer_uvon_scan)
    adc_dma_value                            0x08001b65   Thumb Code   124  adc.o(i.adc_dma_value)
    adc_init                                 0x08001bfd   Thumb Code    56  cs32f10x_adc.o(i.adc_init)
    adc_regular_channel_config               0x08001c3d   Thumb Code   166  cs32f10x_adc.o(i.adc_regular_channel_config)
    bubble_sort_average_value                0x08001ce3   Thumb Code   112  adc.o(i.bubble_sort_average_value)
    dma_def_init                             0x08001d55   Thumb Code    48  cs32f10x_dma.o(i.dma_def_init)
    dma_init                                 0x08001d89   Thumb Code    82  cs32f10x_dma.o(i.dma_init)
    gpio_mode_config                         0x08001de5   Thumb Code   200  cs32f10x_gpio.o(i.gpio_mode_config)
    gpio_pin_remap_config                    0x08001ead   Thumb Code    26  cs32f10x_gpio.o(i.gpio_pin_remap_config)
    main                                     0x08001ecd   Thumb Code   120  main.o(i.main)
    nvic_init                                0x08001f55   Thumb Code   100  cs32f10x_misc.o(i.nvic_init)
    rcu_adcclk_config                        0x08001fc5   Thumb Code    16  cs32f10x_rcu.o(i.rcu_adcclk_config)
    tim_base_init                            0x080020b9   Thumb Code    54  cs32f10x_tim.o(i.tim_base_init)
    tim_chcc_enable_ctrl                     0x080020f9   Thumb Code    34  cs32f10x_tim.o(i.tim_chcc_enable_ctrl)
    tim_choc_init                            0x0800211d   Thumb Code   158  cs32f10x_tim.o(i.tim_choc_init)
    tim_def_init                             0x080021c5   Thumb Code   240  cs32f10x_tim.o(i.tim_def_init)
    tim_prescaler_set                        0x080022d5   Thumb Code     6  cs32f10x_tim.o(i.tim_prescaler_set)
    tim_pwm_output_enable_ctrl               0x080022db   Thumb Code    44  timer.o(i.tim_pwm_output_enable_ctrl)
    timer1_channel_gpiomode                  0x08002309   Thumb Code    94  timer.o(i.timer1_channel_gpiomode)
    uvled_current_detection                  0x08002375   Thumb Code   324  adc.o(i.uvled_current_detection)
    Region$$Table$$Base                      0x08002528   Number         0  anon$$obj.o(Region$$Table)
    Region$$Table$$Limit                     0x08002548   Number         0  anon$$obj.o(Region$$Table)
    beepcnt                                  0x20000000   Data           1  main.o(.data)
    time_ms                                  0x20000002   Data           2  sys.o(.data)
    time_10ms                                0x20000004   Data           2  sys.o(.data)
    time_keyscan                             0x20000006   Data           2  sys.o(.data)
    Flag0                                    0x20000008   Data           1  sys.o(.data)
    KeySta                                   0x20000009   Data           1  sys.o(.data)
    KeyStaNow                                0x2000000a   Data           1  sys.o(.data)
    keysta_last                              0x2000000b   Data           1  sys.o(.data)
    time_buzzer_on                           0x2000000c   Data           2  sys.o(.data)
    time_buzzer_off                          0x2000000e   Data           2  sys.o(.data)
    buzzer_num                               0x20000010   Data           1  sys.o(.data)
    time_adc_conv                            0x20000012   Data           2  sys.o(.data)
    uvled_time                               0x20000014   Data           2  sys.o(.data)
    UVCh_Check                               0x20000016   Data           1  sys.o(.data)
    timer_ch_buff                            0x20000018   Data           8  timer.o(.data)
    pwm_buf                                  0x20000020   Data         200  timer.o(.data)
    level_buff                               0x200000e8   Data         200  timer.o(.data)
    ix                                       0x200001b0   Data           2  timer.o(.data)
    arr_period                               0x200001b2   Data           2  timer.o(.data)
    rx_index                                 0x200001b4   Data           1  usart.o(.data)
    rxdata                                   0x200001b5   Data           1  usart.o(.data)
    adc_ch1                                  0x200001b6   Data           2  adc.o(.data)
    Low_Valtage                              0x200001b8   Data           2  adc.o(.data)
    uvled_adc_ch                             0x200001ba   Data           4  adc.o(.data)
    adci                                     0x200001be   Data           1  adc.o(.data)
    vy                                       0x200001bf   Data           1  adc.o(.data)
    vx                                       0x200001c0   Data           1  adc.o(.data)
    Led_Sta                                  0x200001c2   Data           2  tm1639.o(.data)
    upcnt                                    0x200001c4   Data           1  application.o(.data)
    downcnt                                  0x200001c5   Data           1  application.o(.data)
    setcnt                                   0x200001c6   Data           1  application.o(.data)
    uvoncnt                                  0x200001c7   Data           1  application.o(.data)
    pwmcnt                                   0x200001c8   Data           1  application.o(.data)
    chcnt                                    0x200001c9   Data           1  application.o(.data)
    chnum                                    0x200001ca   Data           1  application.o(.data)
    uvon                                     0x200001cb   Data           1  application.o(.data)
    levelcnt                                 0x200001cc   Data           1  application.o(.data)
    menucnt                                  0x200001cd   Data           1  application.o(.data)
    modecnt                                  0x200001ce   Data           1  application.o(.data)
    timecnt                                  0x200001cf   Data           1  application.o(.data)
    hourcnt                                  0x200001d0   Data           1  application.o(.data)
    bkcnt                                    0x200001d1   Data           1  application.o(.data)
    fwcnt                                    0x200001d2   Data           1  application.o(.data)
    moden                                    0x200001d3   Data           1  application.o(.data)
    fbuff                                    0x200001d4   Data          11  application.o(.data)
    UV_Time                                  0x200001e0   Data          24  sys.o(.bss)
    PHY_CH                                   0x200001f8   Data          80  sys.o(.bss)
    Adc_Value_Buff                           0x20000248   Data          70  sys.o(.bss)
    Timer_Uvon                               0x2000028e   Data          16  sys.o(.bss)
    rx_buf                                   0x2000029e   Data          10  usart.o(.bss)
    __initial_sp                             0x200006b8   Data           0  startup_cs32f103xb.o(STACK)



==============================================================================

Memory Map of the image

  Image Entry point : 0x080000ed

  Load Region LR_IROM1 (Base: 0x08000000, Size: 0x00002728, Max: 0x00020000, ABSOLUTE, COMPRESSED[0x00002638])

    Execution Region ER_IROM1 (Exec base: 0x08000000, Load base: 0x08000000, Size: 0x00002548, Max: 0x00020000, ABSOLUTE)

    Exec Addr    Load Addr    Size         Type   Attr      Idx    E Section Name        Object

    0x08000000   0x08000000   0x000000ec   Data   RO         2213    RESET               startup_cs32f103xb.o
    0x080000ec   0x080000ec   0x00000000   Code   RO         2264  * .ARM.Collect$$$$00000000  mc_w.l(entry.o)
    0x080000ec   0x080000ec   0x00000004   Code   RO         2527    .ARM.Collect$$$$00000001  mc_w.l(entry2.o)
    0x080000f0   0x080000f0   0x00000004   Code   RO         2530    .ARM.Collect$$$$00000004  mc_w.l(entry5.o)
    0x080000f4   0x080000f4   0x00000000   Code   RO         2532    .ARM.Collect$$$$00000008  mc_w.l(entry7b.o)
    0x080000f4   0x080000f4   0x00000000   Code   RO         2534    .ARM.Collect$$$$0000000A  mc_w.l(entry8b.o)
    0x080000f4   0x080000f4   0x00000008   Code   RO         2535    .ARM.Collect$$$$0000000B  mc_w.l(entry9a.o)
    0x080000fc   0x080000fc   0x00000000   Code   RO         2537    .ARM.Collect$$$$0000000D  mc_w.l(entry10a.o)
    0x080000fc   0x080000fc   0x00000000   Code   RO         2539    .ARM.Collect$$$$0000000F  mc_w.l(entry11a.o)
    0x080000fc   0x080000fc   0x00000004   Code   RO         2528    .ARM.Collect$$$$00002712  mc_w.l(entry2.o)
    0x08000100   0x08000100   0x00000024   Code   RO         2214    .text               startup_cs32f103xb.o
    0x08000124   0x08000124   0x00000024   Code   RO         2557    .text               mc_w.l(init.o)
    0x08000148   0x08000148   0x00000056   Code   RO         2575    .text               mc_w.l(__dczerorl2.o)
    0x0800019e   0x0800019e   0x00000002   PAD
    0x080001a0   0x080001a0   0x00000010   Code   RO          340    i.ADC1_2_IRQHandler  adc.o
    0x080001b0   0x080001b0   0x0000001c   Code   RO          184    i.Bueezr_Config     timer.o
    0x080001cc   0x080001cc   0x0000004c   Code   RO          185    i.Buzzer_Switch     timer.o
    0x08000218   0x08000218   0x000000f6   Code   RO          452    i.CH_LED_switch     tm1639.o
    0x0800030e   0x0800030e   0x00000002   PAD
    0x08000310   0x08000310   0x00000034   Code   RO          186    i.Check_UvLed_Sta   timer.o
    0x08000344   0x08000344   0x00000178   Code   RO          341    i.Init_Adc          adc.o
    0x080004bc   0x080004bc   0x000000a4   Code   RO          160    i.Init_Gpio         gpio.o
    0x08000560   0x08000560   0x0000005c   Code   RO          455    i.Init_TM1639       tm1639.o
    0x080005bc   0x080005bc   0x0000019c   Code   RO          187    i.Init_Timer1       timer.o
    0x08000758   0x08000758   0x000000c0   Code   RO          188    i.Init_Timer2       timer.o
    0x08000818   0x08000818   0x00000078   Code   RO          189    i.Init_Timer3       timer.o
    0x08000890   0x08000890   0x00000020   Code   RO          119    i.Init_uvch         sys.o
    0x080008b0   0x080008b0   0x000000c8   Code   RO          640    i.Key_Bk_Scan       application.o
    0x08000978   0x08000978   0x000000b8   Code   RO          641    i.Key_Ch_Scan       application.o
    0x08000a30   0x08000a30   0x000000f0   Code   RO          642    i.Key_Down_Scan     application.o
    0x08000b20   0x08000b20   0x000000c4   Code   RO          643    i.Key_Fw_Scan       application.o
    0x08000be4   0x08000be4   0x00000024   Code   RO          644    i.Key_Handle        application.o
    0x08000c08   0x08000c08   0x0000015c   Code   RO          645    i.Key_Mode_Scan     application.o
    0x08000d64   0x08000d64   0x000000b4   Code   RO          646    i.Key_Set_Scan      application.o
    0x08000e18   0x08000e18   0x000000e8   Code   RO          647    i.Key_Up_Scan       application.o
    0x08000f00   0x08000f00   0x0000008c   Code   RO          648    i.Key_Uvon_Scan     application.o
    0x08000f8c   0x08000f8c   0x00000030   Code   RO          588    i.PHY_Set_UVLed_Time  uvled.o
    0x08000fbc   0x08000fbc   0x00000148   Code   RO          589    i.PHY_UVLed_CheckIn  uvled.o
    0x08001104   0x08001104   0x000000cc   Code   RO          590    i.PHY_UVLed_Select  uvled.o
    0x080011d0   0x080011d0   0x00000038   Code   RO          591    i.PHY_UVon_ChLed    uvled.o
    0x08001208   0x08001208   0x00000044   Code   RO          456    i.ReadByte          tm1639.o
    0x0800124c   0x0800124c   0x00000008   Code   RO         2221    i.SetSysClock       system_cs32f10x.o
    0x08001254   0x08001254   0x00000060   Code   RO         2223    i.SystemInit        system_cs32f10x.o
    0x080012b4   0x080012b4   0x00000078   Code   RO          190    i.TIM3_IRQHandler   timer.o
    0x0800132c   0x0800132c   0x0000003c   Code   RO          457    i.TM1639_Clear      tm1639.o
    0x08001368   0x08001368   0x00000028   Code   RO          458    i.TM1639_DelayUs    tm1639.o
    0x08001390   0x08001390   0x00000058   Code   RO          460    i.TM1639_DisplayChar_Num  tm1639.o
    0x080013e8   0x080013e8   0x00000080   Code   RO          461    i.TM1639_DisplayNum  tm1639.o
    0x08001468   0x08001468   0x0000007c   Code   RO          463    i.TM1639_Display_UVLED_Char  tm1639.o
    0x080014e4   0x080014e4   0x00000068   Code   RO          464    i.TM1639_LED_switch  tm1639.o
    0x0800154c   0x0800154c   0x00000178   Code   RO          465    i.TM1639_Read_Key   tm1639.o
    0x080016c4   0x080016c4   0x00000054   Code   RO          466    i.TM1639_SendByte   tm1639.o
    0x08001718   0x08001718   0x0000002c   Code   RO          467    i.TM1639_SendCmd    tm1639.o
    0x08001744   0x08001744   0x00000014   Code   RO          468    i.TM1639_SetBrightness  tm1639.o
    0x08001758   0x08001758   0x0000003c   Code   RO          469    i.TM1639_WriteByte  tm1639.o
    0x08001794   0x08001794   0x000000b0   Code   RO          297    i.USART1_IRQHandler  usart.o
    0x08001844   0x08001844   0x00000090   Code   RO          191    i.UV_LED_PwmSet     timer.o
    0x080018d4   0x080018d4   0x00000120   Code   RO          192    i.UV_LED_Switch     timer.o
    0x080019f4   0x080019f4   0x0000007c   Code   RO          193    i._Bueezr_Handle    timer.o
    0x08001a70   0x08001a70   0x0000000e   Code   RO         2569    i.__scatterload_copy  mc_w.l(handlers.o)
    0x08001a7e   0x08001a7e   0x00000002   Code   RO         2570    i.__scatterload_null  mc_w.l(handlers.o)
    0x08001a80   0x08001a80   0x0000000e   Code   RO         2571    i.__scatterload_zeroinit  mc_w.l(handlers.o)
    0x08001a8e   0x08001a8e   0x00000002   PAD
    0x08001a90   0x08001a90   0x00000074   Code   RO          194    i._timer_uvon_scan  timer.o
    0x08001b04   0x08001b04   0x00000060   Code   RO          342    i.adc1_dma_config   adc.o
    0x08001b64   0x08001b64   0x00000098   Code   RO          343    i.adc_dma_value     adc.o
    0x08001bfc   0x08001bfc   0x00000040   Code   RO          723    i.adc_init          cs32f10x_adc.o
    0x08001c3c   0x08001c3c   0x000000a6   Code   RO          729    i.adc_regular_channel_config  cs32f10x_adc.o
    0x08001ce2   0x08001ce2   0x00000070   Code   RO          345    i.bubble_sort_average_value  adc.o
    0x08001d52   0x08001d52   0x00000002   PAD
    0x08001d54   0x08001d54   0x00000034   Code   RO         1067    i.dma_def_init      cs32f10x_dma.o
    0x08001d88   0x08001d88   0x0000005c   Code   RO         1068    i.dma_init          cs32f10x_dma.o
    0x08001de4   0x08001de4   0x000000c8   Code   RO         1308    i.gpio_mode_config  cs32f10x_gpio.o
    0x08001eac   0x08001eac   0x00000020   Code   RO         1310    i.gpio_pin_remap_config  cs32f10x_gpio.o
    0x08001ecc   0x08001ecc   0x00000088   Code   RO            5    i.main              main.o
    0x08001f54   0x08001f54   0x00000070   Code   RO         1469    i.nvic_init         cs32f10x_misc.o
    0x08001fc4   0x08001fc4   0x00000014   Code   RO         1592    i.rcu_adcclk_config  cs32f10x_rcu.o
    0x08001fd8   0x08001fd8   0x000000e0   Code   RO         2224    i.set_sysclk_freq_72M  system_cs32f10x.o
    0x080020b8   0x080020b8   0x00000040   Code   RO         1798    i.tim_base_init     cs32f10x_tim.o
    0x080020f8   0x080020f8   0x00000022   Code   RO         1800    i.tim_chcc_enable_ctrl  cs32f10x_tim.o
    0x0800211a   0x0800211a   0x00000002   PAD
    0x0800211c   0x0800211c   0x000000a8   Code   RO         1811    i.tim_choc_init     cs32f10x_tim.o
    0x080021c4   0x080021c4   0x00000110   Code   RO         1817    i.tim_def_init      cs32f10x_tim.o
    0x080022d4   0x080022d4   0x00000006   Code   RO         1827    i.tim_prescaler_set  cs32f10x_tim.o
    0x080022da   0x080022da   0x0000002c   Code   RO          195    i.tim_pwm_output_enable_ctrl  timer.o
    0x08002306   0x08002306   0x00000002   PAD
    0x08002308   0x08002308   0x0000006c   Code   RO          196    i.timer1_channel_gpiomode  timer.o
    0x08002374   0x08002374   0x00000160   Code   RO          347    i.uvled_current_detection  adc.o
    0x080024d4   0x080024d4   0x00000051   Data   RO          471    .constdata          tm1639.o
    0x08002525   0x08002525   0x00000003   PAD
    0x08002528   0x08002528   0x00000020   Data   RO         2567    Region$$Table       anon$$obj.o


    Execution Region RW_IRAM1 (Exec base: 0x20000000, Load base: 0x08002548, Size: 0x000006b8, Max: 0x00005000, ABSOLUTE, COMPRESSED[0x000000f0])

    Exec Addr    Load Addr    Size         Type   Attr      Idx    E Section Name        Object

    0x20000000   COMPRESSED   0x00000001   Data   RW            6    .data               main.o
    0x20000001   COMPRESSED   0x00000001   PAD
    0x20000002   COMPRESSED   0x00000015   Data   RW          122    .data               sys.o
    0x20000017   COMPRESSED   0x00000001   PAD
    0x20000018   COMPRESSED   0x0000019c   Data   RW          198    .data               timer.o
    0x200001b4   COMPRESSED   0x00000002   Data   RW          300    .data               usart.o
    0x200001b6   COMPRESSED   0x0000000b   Data   RW          349    .data               adc.o
    0x200001c1   COMPRESSED   0x00000001   PAD
    0x200001c2   COMPRESSED   0x00000002   Data   RW          472    .data               tm1639.o
    0x200001c4   COMPRESSED   0x0000001b   Data   RW          649    .data               application.o
    0x200001df   COMPRESSED   0x00000001   PAD
    0x200001e0        -       0x000000be   Zero   RW          121    .bss                sys.o
    0x2000029e        -       0x0000000a   Zero   RW          299    .bss                usart.o
    0x200002a8        -       0x0000000c   Zero   RW          348    .bss                adc.o
    0x200002b4   COMPRESSED   0x00000004   PAD
    0x200002b8        -       0x00000400   Zero   RW         2211    STACK               startup_cs32f103xb.o


==============================================================================

Image component sizes


      Code (inc. data)   RO Data    RW Data    ZI Data      Debug   Object Name

      1104        106          0         11         12       9671   adc.o
      1756        182          0         27          0       5924   application.o
       230          8          0          0          0       1940   cs32f10x_adc.o
       144         14          0          0          0       1774   cs32f10x_dma.o
       232          6          0          0          0       2151   cs32f10x_gpio.o
       112         12          0          0          0       1304   cs32f10x_misc.o
        20          4          0          0          0        540   cs32f10x_rcu.o
       544         52          0          0          0       3934   cs32f10x_tim.o
       164         22          0          0          0        460   gpio.o
       136         16          0          1          0     143696   main.o
        36          8        236          0       1024        796   startup_cs32f103xb.o
        32          6          0         21        190       3151   sys.o
       328         28          0          0          0       2133   system_cs32f10x.o
      1824        144          0        412          0      24642   timer.o
      1534         68         81          2          0       8416   tm1639.o
       176         22          0          2         10       1301   usart.o
       636         48          0          0          0       2057   uvled.o

    ----------------------------------------------------------------------
      9016        746        352        480       1240     213890   Object Totals
         0          0         32          0          0          0   (incl. Generated)
         8          0          3          4          4          0   (incl. Padding)

    ----------------------------------------------------------------------

      Code (inc. data)   RO Data    RW Data    ZI Data      Debug   Library Member Name

        86          0          0          0          0          0   __dczerorl2.o
         0          0          0          0          0          0   entry.o
         0          0          0          0          0          0   entry10a.o
         0          0          0          0          0          0   entry11a.o
         8          4          0          0          0          0   entry2.o
         4          0          0          0          0          0   entry5.o
         0          0          0          0          0          0   entry7b.o
         0          0          0          0          0          0   entry8b.o
         8          4          0          0          0          0   entry9a.o
        30          0          0          0          0          0   handlers.o
        36          8          0          0          0         68   init.o

    ----------------------------------------------------------------------
       176         16          0          0          0         68   Library Totals
         4          0          0          0          0          0   (incl. Padding)

    ----------------------------------------------------------------------

      Code (inc. data)   RO Data    RW Data    ZI Data      Debug   Library Name

       172         16          0          0          0         68   mc_w.l

    ----------------------------------------------------------------------
       176         16          0          0          0         68   Library Totals

    ----------------------------------------------------------------------

==============================================================================


      Code (inc. data)   RO Data    RW Data    ZI Data      Debug   

      9192        762        352        480       1240     210914   Grand Totals
      9192        762        352        240       1240     210914   ELF Image Totals (compressed)
      9192        762        352        240          0          0   ROM Totals

==============================================================================

    Total RO  Size (Code + RO Data)                 9544 (   9.32kB)
    Total RW  Size (RW Data + ZI Data)              1720 (   1.68kB)
    Total ROM Size (Code + RO Data + RW Data)       9784 (   9.55kB)

==============================================================================

